Archive member included because of file (symbol)

c:/asctec_arm_sdk/winarm/bin/../lib/gcc/arm-elf/4.1.1/../../../../arm-elf/lib/thumb/interwork\libc.a(memcpy.o)
                              LPC2k_ee.o (memcpy)
c:/asctec_arm_sdk/winarm/bin/../lib/gcc/arm-elf/4.1.1/thumb/interwork\libgcc.a(_udivsi3.o)
                              main.o (__udivsi3)
c:/asctec_arm_sdk/winarm/bin/../lib/gcc/arm-elf/4.1.1/thumb/interwork\libgcc.a(_divsi3.o)
                              ../custom_mdl/onboard_matlab_ert_rtw/onboard_matlab.o (__divsi3)
c:/asctec_arm_sdk/winarm/bin/../lib/gcc/arm-elf/4.1.1/thumb/interwork\libgcc.a(_modsi3.o)
                              ../custom_mdl/onboard_matlab_ert_rtw/onboard_matlab.o (__modsi3)
c:/asctec_arm_sdk/winarm/bin/../lib/gcc/arm-elf/4.1.1/thumb/interwork\libgcc.a(_dvmd_tls.o)
                              c:/asctec_arm_sdk/winarm/bin/../lib/gcc/arm-elf/4.1.1/thumb/interwork\libgcc.a(_udivsi3.o) (__div0)
c:/asctec_arm_sdk/winarm/bin/../lib/gcc/arm-elf/4.1.1/thumb/interwork\libgcc.a(_addsubdf3.o)
                              gpsmath.o (__adddf3)
c:/asctec_arm_sdk/winarm/bin/../lib/gcc/arm-elf/4.1.1/thumb/interwork\libgcc.a(_muldivdf3.o)
                              gpsmath.o (__muldf3)
./\libdeclination.a(declination.o)
                              LL_HL_comm.o (estimatedDeclination)
./\libublox.a(ublox.o)        main.o (gpsLEDTrigger)
c:/asctec_arm_sdk/winarm/bin/../lib/gcc/arm-elf/4.1.1/../../../../arm-elf/lib/thumb/interwork\libm.a(s_cos.o)
                              gpsmath.o (cos)
c:/asctec_arm_sdk/winarm/bin/../lib/gcc/arm-elf/4.1.1/../../../../arm-elf/lib/thumb/interwork\libm.a(s_sin.o)
                              ./\libdeclination.a(declination.o) (sin)
c:/asctec_arm_sdk/winarm/bin/../lib/gcc/arm-elf/4.1.1/../../../../arm-elf/lib/thumb/interwork\libm.a(w_atan2.o)
                              ./\libdeclination.a(declination.o) (atan2)
c:/asctec_arm_sdk/winarm/bin/../lib/gcc/arm-elf/4.1.1/../../../../arm-elf/lib/thumb/interwork\libm.a(w_sqrt.o)
                              ./\libdeclination.a(declination.o) (sqrt)
c:/asctec_arm_sdk/winarm/bin/../lib/gcc/arm-elf/4.1.1/../../../../arm-elf/lib/thumb/interwork\libm.a(e_atan2.o)
                              c:/asctec_arm_sdk/winarm/bin/../lib/gcc/arm-elf/4.1.1/../../../../arm-elf/lib/thumb/interwork\libm.a(w_atan2.o) (__ieee754_atan2)
c:/asctec_arm_sdk/winarm/bin/../lib/gcc/arm-elf/4.1.1/../../../../arm-elf/lib/thumb/interwork\libm.a(e_rem_pio2.o)
                              c:/asctec_arm_sdk/winarm/bin/../lib/gcc/arm-elf/4.1.1/../../../../arm-elf/lib/thumb/interwork\libm.a(s_cos.o) (__ieee754_rem_pio2)
c:/asctec_arm_sdk/winarm/bin/../lib/gcc/arm-elf/4.1.1/../../../../arm-elf/lib/thumb/interwork\libm.a(e_sqrt.o)
                              c:/asctec_arm_sdk/winarm/bin/../lib/gcc/arm-elf/4.1.1/../../../../arm-elf/lib/thumb/interwork\libm.a(w_sqrt.o) (__ieee754_sqrt)
c:/asctec_arm_sdk/winarm/bin/../lib/gcc/arm-elf/4.1.1/../../../../arm-elf/lib/thumb/interwork\libm.a(k_cos.o)
                              c:/asctec_arm_sdk/winarm/bin/../lib/gcc/arm-elf/4.1.1/../../../../arm-elf/lib/thumb/interwork\libm.a(s_cos.o) (__kernel_cos)
c:/asctec_arm_sdk/winarm/bin/../lib/gcc/arm-elf/4.1.1/../../../../arm-elf/lib/thumb/interwork\libm.a(k_rem_pio2.o)
                              c:/asctec_arm_sdk/winarm/bin/../lib/gcc/arm-elf/4.1.1/../../../../arm-elf/lib/thumb/interwork\libm.a(e_rem_pio2.o) (__kernel_rem_pio2)
c:/asctec_arm_sdk/winarm/bin/../lib/gcc/arm-elf/4.1.1/../../../../arm-elf/lib/thumb/interwork\libm.a(k_sin.o)
                              c:/asctec_arm_sdk/winarm/bin/../lib/gcc/arm-elf/4.1.1/../../../../arm-elf/lib/thumb/interwork\libm.a(s_cos.o) (__kernel_sin)
c:/asctec_arm_sdk/winarm/bin/../lib/gcc/arm-elf/4.1.1/../../../../arm-elf/lib/thumb/interwork\libm.a(s_atan.o)
                              c:/asctec_arm_sdk/winarm/bin/../lib/gcc/arm-elf/4.1.1/../../../../arm-elf/lib/thumb/interwork\libm.a(e_atan2.o) (atan)
c:/asctec_arm_sdk/winarm/bin/../lib/gcc/arm-elf/4.1.1/../../../../arm-elf/lib/thumb/interwork\libm.a(s_fabs.o)
                              c:/asctec_arm_sdk/winarm/bin/../lib/gcc/arm-elf/4.1.1/../../../../arm-elf/lib/thumb/interwork\libm.a(e_atan2.o) (fabs)
c:/asctec_arm_sdk/winarm/bin/../lib/gcc/arm-elf/4.1.1/../../../../arm-elf/lib/thumb/interwork\libm.a(s_floor.o)
                              c:/asctec_arm_sdk/winarm/bin/../lib/gcc/arm-elf/4.1.1/../../../../arm-elf/lib/thumb/interwork\libm.a(k_rem_pio2.o) (floor)
c:/asctec_arm_sdk/winarm/bin/../lib/gcc/arm-elf/4.1.1/../../../../arm-elf/lib/thumb/interwork\libm.a(s_isnan.o)
                              c:/asctec_arm_sdk/winarm/bin/../lib/gcc/arm-elf/4.1.1/../../../../arm-elf/lib/thumb/interwork\libm.a(w_atan2.o) (isnan)
c:/asctec_arm_sdk/winarm/bin/../lib/gcc/arm-elf/4.1.1/../../../../arm-elf/lib/thumb/interwork\libm.a(s_lib_ver.o)
[...]
Memory Configuration

Name             Origin             Length             Attributes
ROM              0x00000000         0x00080000         xr
RAM              0x40000000         0x00008000         rw
*default*        0x00000000         0xffffffff

Linker script and memory map

LOAD Common_WinARM/src/Startup.o
LOAD Common_WinARM/src/swi_handler.o
LOAD LL_HL_comm.o
LOAD mymath.o
LOAD gpsmath.o
LOAD sdk.o
LOAD buzzer.o
LOAD ../custom_mdl/onboard_matlab_ert_rtw/ert_main.o
LOAD ../custom_mdl/onboard_matlab_ert_rtw/onboard_matlab.o
LOAD ../custom_mdl/onboard_matlab_ert_rtw/onboard_matlab_data.o
LOAD main.o
LOAD hardware.o
LOAD LPC2k_ee.o
LOAD system.o
LOAD uart.o
LOAD syscalls.o
LOAD i2c.o
LOAD Common_WinARM/src/irq.o
LOAD adc.o
LOAD ssp.o
LOAD pelican_ptu.o
LOAD c:/asctec_arm_sdk/winarm/bin/../lib/gcc/arm-elf/4.1.1/../../../../arm-elf/lib/thumb/interwork\libc.a
LOAD c:/asctec_arm_sdk/winarm/bin/../lib/gcc/arm-elf/4.1.1/../../../../arm-elf/lib/thumb/interwork\libc.a
LOAD c:/asctec_arm_sdk/winarm/bin/../lib/gcc/arm-elf/4.1.1/thumb/interwork\libgcc.a
LOAD ./\libdeclination.a
LOAD ./\libublox.a
LOAD c:/asctec_arm_sdk/winarm/bin/../lib/gcc/arm-elf/4.1.1/../../../../arm-elf/lib/thumb/interwork\libm.a
START GROUP
LOAD c:/asctec_arm_sdk/winarm/bin/../lib/gcc/arm-elf/4.1.1/thumb/interwork\libgcc.a
LOAD c:/asctec_arm_sdk/winarm/bin/../lib/gcc/arm-elf/4.1.1/../../../../arm-elf/lib/thumb/interwork\libg.a
LOAD c:/asctec_arm_sdk/winarm/bin/../lib/gcc/arm-elf/4.1.1/../../../../arm-elf/lib/thumb/interwork\libc.a
END GROUP

.text           0x00000000     0xf904
 *(.vectorg)
 .vectorg       0x00000000       0x98 Common_WinARM/src/Startup.o
                0x00000050                __IRQ_Wrapper
 .vectorg       0x00000098       0xd0 Common_WinARM/src/swi_handler.o
                0x00000098                SoftwareInterrupt
                0x00000168                . = ALIGN (0x4)
 *(.init)
 .init          0x00000168      0x168 Common_WinARM/src/Startup.o
                0x00000294                __exit_THUMB
                0x00000168                __startup
                0x00000290                __exit_ARM
 *(.text .text.*)
 .text          0x000002d0        0x0 Common_WinARM/src/Startup.o
 .text          0x000002d0       0x38 Common_WinARM/src/swi_handler.o
                0x000002e0                IntGetCPSR
                0x00000300                FiqDisable
                0x000002d0                IntRestore
                0x000002f0                IntDisable
                0x000002d8                FiqRestore
                0x000002e8                IntEnable
                0x000002f8                FiqEnable
 .text          0x00000308      0xbc4 LL_HL_comm.o
                0x00000308                SSP_data_distribution_HL
                0x0000058c                LL_write_ctrl_data
                0x000006a8                HL2LL_write_cycle
                0x00000ae4                SSP_rx_handler_HL
 .text          0x00000ecc        0x0 mymath.o
 .text          0x00000ecc      0x104 gpsmath.o
                0x00000ecc                xy2latlon
 .text          0x00000fd0       0x98 sdk.o
                0x00000fd0                SDK_mainloop
 .text          0x00001068      0x508 buzzer.o
                0x00001090                buzzer_handler
                0x00001068                buzzer
 .text          0x00001570      0x734 ../custom_mdl/onboard_matlab_ert_rtw/ert_main.o
                0x00001570                rt_OneStep
 .text          0x00001ca4     0x1c60 ../custom_mdl/onboard_matlab_ert_rtw/onboard_matlab.o
                0x000028d4                sMultiWordCmp
                0x00002540                sMultiWord2sMultiWordSat
                0x00002300                sMultiWordMul
                0x00002ad8                onboard_matlab_step0
                0x00001dd4                mul_s32_s32_s32_sr32
                0x000028a4                sLong2MultiWord
                0x00002664                MultiWordAdd
                0x00001e98                mul_s32_s32_s32_sr30_sat_zero
                0x00001ca4                div_nzp_s32_ceiling
                0x00002990                sMultiWordShrZero
                0x000038f0                onboard_matlab_initialize
                0x00002774                sMultiWordShl
                0x00001f38                mul_s32_s32_s32_sr31_sat_zero
                0x0000295c                sMultiWordGe
                0x00002974                sMultiWordLe
                0x00001ce8                mul_wide_s32
                0x000038ec                onboard_matlab_step1
                0x000026e8                sMultiWord2MultiWord
                0x00001da4                mul_s32_s32_s32_sr30
                0x00001fe0                sMultiWordShr
                0x00001df8                mul_s32_s32_s32_sr28_sat_zero
                0x00001fd8                MultiWord2sLong
                0x0000210c                ssuMultiWordMul
 .text          0x00003904        0x0 ../custom_mdl/onboard_matlab_ert_rtw/onboard_matlab_data.o
 .text          0x00003904      0x7bc main.o
                0x00003904                timer0ISR
                0x00003d58                mainloop
                0x000039ec                main
 .text          0x000040c0       0x8c hardware.o
                0x000040c0                LED
 .text          0x0000414c      0x2c8 LPC2k_ee.o
                0x0000414c                ee_erase
                0x000043d0                ee_read
                0x00004280                ee_write
 .text          0x00004414      0x58c system.o
                0x000045f0                init_timer0
                0x00004784                init_spi1
                0x00004698                PWM_Init
                0x00004548                init_ports
                0x00004414                init
                0x0000474c                init_spi
                0x0000449c                init_interrupts
                0x00004958                delay
                0x000048a0                processorClockFrequency
                0x00004860                pll_feed
                0x00004820                pll_init
                0x000048c0                peripheralClockFrequency
 .text          0x000049a0     0x11f4 uart.o
                0x00004ff8                UART1Initialize
                0x00005268                __putchar
                0x00005220                UART1ReadChar
                0x000049a0                uart1ISR
                0x0000570c                crc16
                0x000052ac                UART0_send
                0x000057a0                UART0_fifo
                0x0000561c                crc_update
                0x000059a8                ringbuffer1
                0x00004a70                uart0ISR
                0x000053fc                UART0_send_ringbuffer
                0x000051d8                UART0ReadChar
                0x00005138                UART0WriteChar
                0x00005188                UART1WriteChar
                0x00005464                UART1_send_ringbuffer
                0x00005368                UART1_send
                0x00004eb8                UART0Initialize
                0x000054cc                UART0_SendPacket
 .text          0x00005b94      0x2b4 syscalls.o
                0x00005d3c                _lseek_r
                0x00005d70                _fstat_r
                0x00005dac                isatty
                0x00005dd4                _sbrk_r
                0x00005b94                _read_r
                0x00005d10                _close_r
                0x00005c74                _write_r
 .text          0x00005e48      0x750 i2c.o
                0x000062e4                I2C0_send_motordata
                0x00006508                I2CEngine
                0x00005e48                I2C0MasterHandler
                0x00006390                I2CStart
                0x00006424                I2CStop
                0x00006480                I2CInit
 .text          0x00006598      0x2d8 Common_WinARM/src/irq.o
                0x00006684                install_irq
                0x00006778                uninstall_irq
                0x000065c0                init_VIC
 .text          0x00006870      0x2cc adc.o
                0x00006870                ADCInit
                0x00006a34                ADC1Read
                0x000068f8                ADC0Read
 .text          0x00006b3c      0x420 ssp.o
                0x00006d54                LL_write
                0x00006d14                LL_write_init
                0x00006b3c                SSPHandler
 .text          0x00006f5c      0x48c pelican_ptu.o
                0x00006f5c                PTU_init
                0x00007308                SERVO_roll_move
                0x00007028                PTU_update
                0x00007220                SERVO_pitch_move
 .text          0x000073e8       0x20 c:/asctec_arm_sdk/winarm/bin/../lib/gcc/arm-elf/4.1.1/../../../../arm-elf/lib/thumb/interwork\libc.a(memcpy.o)
                0x000073e8                memcpy
 .text          0x00007408       0x8c c:/asctec_arm_sdk/winarm/bin/../lib/gcc/arm-elf/4.1.1/thumb/interwork\libgcc.a(_udivsi3.o)
                0x00007408                __udivsi3
                0x00007408                __aeabi_uidiv
                0x00007484                __aeabi_uidivmod
 .text          0x00007494       0xa4 c:/asctec_arm_sdk/winarm/bin/../lib/gcc/arm-elf/4.1.1/thumb/interwork\libgcc.a(_divsi3.o)
                0x00007494                __aeabi_idiv
                0x00007494                __divsi3
                0x00007528                __aeabi_idivmod
 .text          0x00007538       0xd8 c:/asctec_arm_sdk/winarm/bin/../lib/gcc/arm-elf/4.1.1/thumb/interwork\libgcc.a(_modsi3.o)
                0x00007538                __modsi3
 .text          0x00007610        0x4 c:/asctec_arm_sdk/winarm/bin/../lib/gcc/arm-elf/4.1.1/thumb/interwork\libgcc.a(_dvmd_tls.o)
                0x00007610                __aeabi_ldiv0
                0x00007610                __div0
                0x00007610                __aeabi_idiv0
 .text          0x00007614      0x430 c:/asctec_arm_sdk/winarm/bin/../lib/gcc/arm-elf/4.1.1/thumb/interwork\libgcc.a(_addsubdf3.o)
                0x000079d8                __floatdidf
                0x00007958                __floatsidf
                0x00007930                __aeabi_ui2d
                0x00007614                __aeabi_drsub
                0x00007984                __extendsfdf2
                0x00007620                __adddf3
                0x00007930                __floatunsidf
                0x00007620                __aeabi_dadd
                0x000079c4                __aeabi_ul2d
                0x0000761c                __aeabi_dsub
                0x000079c4                __floatundidf
                0x00007958                __aeabi_i2d
                0x000079d8                __aeabi_l2d
                0x00007984                __aeabi_f2d
                0x0000761c                __subdf3
 .text          0x00007a44      0x49c c:/asctec_arm_sdk/winarm/bin/../lib/gcc/arm-elf/4.1.1/thumb/interwork\libgcc.a(_muldivdf3.o)
                0x00007cd4                __aeabi_ddiv
                0x00007a44                __aeabi_dmul
                0x00007cd4                __divdf3
                0x00007a44                __muldf3
 .text          0x00007ee0     0x3250 ./\libdeclination.a(declination.o)
                0x0000a98c                geomg1
                0x0000a9fc                getDeclination
                0x0000a924                geomag
 .text          0x0000b130     0x1e88 ./\libublox.a(ublox.o)
                0x0000bc58                uBloxReceiveHandler
                0x0000b348                pollMessageRate
                0x0000c31c                uBloxReceiveEngine
                0x0000b4a0                uBloxHandleMessage
                0x0000b404                uBloxResetConfiguration
                0x0000b3a0                setMessageRate
                0x0000b130                uBloxSendMessage
 .text          0x0000cfb8       0xa8 c:/asctec_arm_sdk/winarm/bin/../lib/gcc/arm-elf/4.1.1/../../../../arm-elf/lib/thumb/interwork\libm.a(s_cos.o)
                0x0000cfb8                cos
 .text          0x0000d060       0xac c:/asctec_arm_sdk/winarm/bin/../lib/gcc/arm-elf/4.1.1/../../../../arm-elf/lib/thumb/interwork\libm.a(s_sin.o)
                0x0000d060                sin
 .text          0x0000d10c       0xc0 c:/asctec_arm_sdk/winarm/bin/../lib/gcc/arm-elf/4.1.1/../../../../arm-elf/lib/thumb/interwork\libm.a(w_atan2.o)
                0x0000d10c                atan2
 .text          0x0000d1cc       0xb8 c:/asctec_arm_sdk/winarm/bin/../lib/gcc/arm-elf/4.1.1/../../../../arm-elf/lib/thumb/interwork\libm.a(w_sqrt.o)
                0x0000d1cc                sqrt
 .text          0x0000d284      0x20c c:/asctec_arm_sdk/winarm/bin/../lib/gcc/arm-elf/4.1.1/../../../../arm-elf/lib/thumb/interwork\libm.a(e_atan2.o)
                0x0000d284                __ieee754_atan2
 .text          0x0000d490      0x420 c:/asctec_arm_sdk/winarm/bin/../lib/gcc/arm-elf/4.1.1/../../../../arm-elf/lib/thumb/interwork\libm.a(e_rem_pio2.o)
                0x0000d490                __ieee754_rem_pio2
 .text          0x0000d8b0      0x1a0 c:/asctec_arm_sdk/winarm/bin/../lib/gcc/arm-elf/4.1.1/../../../../arm-elf/lib/thumb/interwork\libm.a(e_sqrt.o)
                0x0000d8b0                __ieee754_sqrt
 .text          0x0000da50      0x264 c:/asctec_arm_sdk/winarm/bin/../lib/gcc/arm-elf/4.1.1/../../../../arm-elf/lib/thumb/interwork\libm.a(k_cos.o)
                0x0000da50                __kernel_cos
 .text          0x0000dcb4      0x744 c:/asctec_arm_sdk/winarm/bin/../lib/gcc/arm-elf/4.1.1/../../../../arm-elf/lib/thumb/interwork\libm.a(k_rem_pio2.o)
                0x0000dcb4                __kernel_rem_pio2
 .text          0x0000e3f8      0x178 c:/asctec_arm_sdk/winarm/bin/../lib/gcc/arm-elf/4.1.1/../../../../arm-elf/lib/thumb/interwork\libm.a(k_sin.o)
                0x0000e3f8                __kernel_sin
 .text          0x0000e570      0x35c c:/asctec_arm_sdk/winarm/bin/../lib/gcc/arm-elf/4.1.1/../../../../arm-elf/lib/thumb/interwork\libm.a(s_atan.o)
                0x0000e570                atan
 .text          0x0000e8cc       0x18 c:/asctec_arm_sdk/winarm/bin/../lib/gcc/arm-elf/4.1.1/../../../../arm-elf/lib/thumb/interwork\libm.a(s_fabs.o)
                0x0000e8cc                fabs
 .text          0x0000e8e4      0x12c c:/asctec_arm_sdk/winarm/bin/../lib/gcc/arm-elf/4.1.1/../../../../arm-elf/lib/thumb/interwork\libm.a(s_floor.o)
                0x0000e8e4                floor
 .text          0x0000ea10       0x24 c:/asctec_arm_sdk/winarm/bin/../lib/gcc/arm-elf/4.1.1/../../../../arm-elf/lib/thumb/interwork\libm.a(s_isnan.o)
                0x0000ea10                isnan
 .text          0x0000ea34        0x0 c:/asctec_arm_sdk/winarm/bin/../lib/gcc/arm-elf/4.1.1/../../../../arm-elf/lib/thumb/interwork\libm.a(s_lib_ver.o)
 .text          0x0000ea34        0x4 c:/asctec_arm_sdk/winarm/bin/../lib/gcc/arm-elf/4.1.1/../../../../arm-elf/lib/thumb/interwork\libm.a(s_matherr.o)
                0x0000ea34                matherr
 .text          0x0000ea38      0x110 c:/asctec_arm_sdk/winarm/bin/../lib/gcc/arm-elf/4.1.1/../../../../arm-elf/lib/thumb/interwork\libm.a(s_scalbn.o)
                0x0000ea38                scalbn
 .text          0x0000eb48       0x24 c:/asctec_arm_sdk/winarm/bin/../lib/gcc/arm-elf/4.1.1/../../../../arm-elf/lib/thumb/interwork\libm.a(s_copysign.o)
                0x0000eb48                copysign
 .text          0x0000eb6c      0x140 c:/asctec_arm_sdk/winarm/bin/../lib/gcc/arm-elf/4.1.1/thumb/interwork\libgcc.a(_cmpdf2.o)
                0x0000ec64                __aeabi_dcmple
                0x0000eb7c                __cmpdf2
                0x0000eb7c                __eqdf2
                0x0000eb6c                __gtdf2
                0x0000ec1c                __aeabi_cdcmple
                0x0000ec00                __aeabi_cdrcmple
                0x0000eb74                __ltdf2
                0x0000ec4c                __aeabi_dcmplt
                0x0000eb74                __ledf2
                0x0000ec94                __aeabi_dcmpgt
                0x0000ec7c                __aeabi_dcmpge
                0x0000eb7c                __nedf2
                0x0000ec34                __aeabi_dcmpeq
                0x0000ec1c                __aeabi_cdcmpeq
                0x0000eb6c                __gedf2
 .text          0x0000ecac       0x5c c:/asctec_arm_sdk/winarm/bin/../lib/gcc/arm-elf/4.1.1/thumb/interwork\libgcc.a(_fixdfsi.o)
                0x0000ecac                __fixdfsi
                0x0000ecac                __aeabi_d2iz
 .text          0x0000ed08       0xa0 c:/asctec_arm_sdk/winarm/bin/../lib/gcc/arm-elf/4.1.1/thumb/interwork\libgcc.a(_truncdfsf2.o)
                0x0000ed08                __aeabi_d2f
                0x0000ed08                __truncdfsf2
 .text          0x0000eda8      0x2ac c:/asctec_arm_sdk/winarm/bin/../lib/gcc/arm-elf/4.1.1/thumb/interwork\libgcc.a(_addsubsf3.o)
                0x0000edb4                __aeabi_fadd
                0x0000edb0                __subsf3
                0x0000ef78                __aeabi_i2f
                0x0000edb0                __aeabi_fsub
                0x0000efa8                __floatdisf
                0x0000ef78                __floatsisf
                0x0000ef98                __floatundisf
                0x0000ef70                __aeabi_ui2f
                0x0000efa8                __aeabi_l2f
                0x0000ef98                __aeabi_ul2f
                0x0000eda8                __aeabi_frsub
                0x0000ef70                __floatunsisf
                0x0000edb4                __addsf3
 .text          0x0000f054      0x2f8 c:/asctec_arm_sdk/winarm/bin/../lib/gcc/arm-elf/4.1.1/thumb/interwork\libgcc.a(_muldivsf3.o)
                0x0000f1ec                __divsf3
                0x0000f1ec                __aeabi_fdiv
                0x0000f054                __mulsf3
                0x0000f054                __aeabi_fmul
 .text          0x0000f34c      0x110 c:/asctec_arm_sdk/winarm/bin/../lib/gcc/arm-elf/4.1.1/thumb/interwork\libgcc.a(_cmpsf2.o)
                0x0000f444                __aeabi_fcmpgt
                0x0000f354                __lesf2
                0x0000f35c                __nesf2
                0x0000f42c                __aeabi_fcmpge
                0x0000f34c                __gtsf2
                0x0000f414                __aeabi_fcmple
                0x0000f35c                __eqsf2
                0x0000f35c                __cmpsf2
                0x0000f354                __ltsf2
                0x0000f3cc                __aeabi_cfcmple
                0x0000f34c                __gesf2
                0x0000f3e4                __aeabi_fcmpeq
                0x0000f3bc                __aeabi_cfrcmple
                0x0000f3fc                __aeabi_fcmplt
                0x0000f3cc                __aeabi_cfcmpeq
 .text          0x0000f45c       0x5c c:/asctec_arm_sdk/winarm/bin/../lib/gcc/arm-elf/4.1.1/thumb/interwork\libgcc.a(_fixsfsi.o)
                0x0000f45c                __fixsfsi
                0x0000f45c                __aeabi_f2iz
 .text          0x0000f4b8        0xc c:/asctec_arm_sdk/winarm/bin/../lib/gcc/arm-elf/4.1.1/../../../../arm-elf/lib/thumb/interwork\libg.a(errno.o)
                0x0000f4b8                __errno
 .text          0x0000f4c4        0x0 c:/asctec_arm_sdk/winarm/bin/../lib/gcc/arm-elf/4.1.1/../../../../arm-elf/lib/thumb/interwork\libg.a(impure.o)
 *(.gnu.linkonce.t.*)
 *(.glue_7)
 .glue_7        0x0000f4c4        0x0 Common_WinARM/src/Startup.o
 .glue_7        0x0000f4c4        0x0 Common_WinARM/src/swi_handler.o
 .glue_7        0x0000f4c4        0x0 LL_HL_comm.o
 .glue_7        0x0000f4c4        0x0 mymath.o
 .glue_7        0x0000f4c4        0x0 gpsmath.o
 .glue_7        0x0000f4c4        0x0 sdk.o
 .glue_7        0x0000f4c4        0x0 buzzer.o
 .glue_7        0x0000f4c4        0x0 ../custom_mdl/onboard_matlab_ert_rtw/ert_main.o
 .glue_7        0x0000f4c4        0x0 ../custom_mdl/onboard_matlab_ert_rtw/onboard_matlab.o
 .glue_7        0x0000f4c4        0x0 ../custom_mdl/onboard_matlab_ert_rtw/onboard_matlab_data.o
 .glue_7        0x0000f4c4        0x0 main.o
 .glue_7        0x0000f4c4        0x0 hardware.o
 .glue_7        0x0000f4c4        0x0 LPC2k_ee.o
 .glue_7        0x0000f4c4        0x0 system.o
 .glue_7        0x0000f4c4        0x0 uart.o
 .glue_7        0x0000f4c4        0x0 syscalls.o
 .glue_7        0x0000f4c4        0x0 i2c.o
 .glue_7        0x0000f4c4        0x0 Common_WinARM/src/irq.o
 .glue_7        0x0000f4c4        0x0 adc.o
 .glue_7        0x0000f4c4        0x0 ssp.o
 .glue_7        0x0000f4c4        0x0 pelican_ptu.o
 .glue_7        0x0000f4c4        0x0 c:/asctec_arm_sdk/winarm/bin/../lib/gcc/arm-elf/4.1.1/../../../../arm-elf/lib/thumb/interwork\libc.a(memcpy.o)
 .glue_7        0x0000f4c4        0x0 c:/asctec_arm_sdk/winarm/bin/../lib/gcc/arm-elf/4.1.1/thumb/interwork\libgcc.a(_udivsi3.o)
 .glue_7        0x0000f4c4        0x0 c:/asctec_arm_sdk/winarm/bin/../lib/gcc/arm-elf/4.1.1/thumb/interwork\libgcc.a(_divsi3.o)
 .glue_7        0x0000f4c4        0x0 c:/asctec_arm_sdk/winarm/bin/../lib/gcc/arm-elf/4.1.1/thumb/interwork\libgcc.a(_modsi3.o)
 .glue_7        0x0000f4c4        0x0 c:/asctec_arm_sdk/winarm/bin/../lib/gcc/arm-elf/4.1.1/thumb/interwork\libgcc.a(_dvmd_tls.o)
 .glue_7        0x0000f4c4        0x0 c:/asctec_arm_sdk/winarm/bin/../lib/gcc/arm-elf/4.1.1/thumb/interwork\libgcc.a(_addsubdf3.o)
 .glue_7        0x0000f4c4        0x0 c:/asctec_arm_sdk/winarm/bin/../lib/gcc/arm-elf/4.1.1/thumb/interwork\libgcc.a(_muldivdf3.o)
 .glue_7        0x0000f4c4        0x0 ./\libdeclination.a(declination.o)
 .glue_7        0x0000f4c4        0x0 ./\libublox.a(ublox.o)
 .glue_7        0x0000f4c4        0x0 c:/asctec_arm_sdk/winarm/bin/../lib/gcc/arm-elf/4.1.1/../../../../arm-elf/lib/thumb/interwork\libm.a(s_cos.o)
 .glue_7        0x0000f4c4        0x0 c:/asctec_arm_sdk/winarm/bin/../lib/gcc/arm-elf/4.1.1/../../../../arm-elf/lib/thumb/interwork\libm.a(s_sin.o)
 .glue_7        0x0000f4c4        0x0 c:/asctec_arm_sdk/winarm/bin/../lib/gcc/arm-elf/4.1.1/../../../../arm-elf/lib/thumb/interwork\libm.a(w_atan2.o)
 .glue_7        0x0000f4c4        0x0 c:/asctec_arm_sdk/winarm/bin/../lib/gcc/arm-elf/4.1.1/../../../../arm-elf/lib/thumb/interwork\libm.a(w_sqrt.o)
 .glue_7        0x0000f4c4        0x0 c:/asctec_arm_sdk/winarm/bin/../lib/gcc/arm-elf/4.1.1/../../../../arm-elf/lib/thumb/interwork\libm.a(e_atan2.o)
 .glue_7        0x0000f4c4        0x0 c:/asctec_arm_sdk/winarm/bin/../lib/gcc/arm-elf/4.1.1/../../../../arm-elf/lib/thumb/interwork\libm.a(e_rem_pio2.o)
 .glue_7        0x0000f4c4        0x0 c:/asctec_arm_sdk/winarm/bin/../lib/gcc/arm-elf/4.1.1/../../../../arm-elf/lib/thumb/interwork\libm.a(e_sqrt.o)
 .glue_7        0x0000f4c4        0x0 c:/asctec_arm_sdk/winarm/bin/../lib/gcc/arm-elf/4.1.1/../../../../arm-elf/lib/thumb/interwork\libm.a(k_cos.o)
 .glue_7        0x0000f4c4        0x0 c:/asctec_arm_sdk/winarm/bin/../lib/gcc/arm-elf/4.1.1/../../../../arm-elf/lib/thumb/interwork\libm.a(k_rem_pio2.o)
 .glue_7        0x0000f4c4        0x0 c:/asctec_arm_sdk/winarm/bin/../lib/gcc/arm-elf/4.1.1/../../../../arm-elf/lib/thumb/interwork\libm.a(k_sin.o)
 .glue_7        0x0000f4c4        0x0 c:/asctec_arm_sdk/winarm/bin/../lib/gcc/arm-elf/4.1.1/../../../../arm-elf/lib/thumb/interwork\libm.a(s_atan.o)
 .glue_7        0x0000f4c4        0x0 c:/asctec_arm_sdk/winarm/bin/../lib/gcc/arm-elf/4.1.1/../../../../arm-elf/lib/thumb/interwork\libm.a(s_fabs.o)
 .glue_7        0x0000f4c4        0x0 c:/asctec_arm_sdk/winarm/bin/../lib/gcc/arm-elf/4.1.1/../../../../arm-elf/lib/thumb/interwork\libm.a(s_floor.o)
 .glue_7        0x0000f4c4        0x0 c:/asctec_arm_sdk/winarm/bin/../lib/gcc/arm-elf/4.1.1/../../../../arm-elf/lib/thumb/interwork\libm.a(s_isnan.o)
 .glue_7        0x0000f4c4        0x0 c:/asctec_arm_sdk/winarm/bin/../lib/gcc/arm-elf/4.1.1/../../../../arm-elf/lib/thumb/interwork\libm.a(s_lib_ver.o)
 .glue_7        0x0000f4c4        0x0 c:/asctec_arm_sdk/winarm/bin/../lib/gcc/arm-elf/4.1.1/../../../../arm-elf/lib/thumb/interwork\libm.a(s_matherr.o)
 .glue_7        0x0000f4c4        0x0 c:/asctec_arm_sdk/winarm/bin/../lib/gcc/arm-elf/4.1.1/../../../../arm-elf/lib/thumb/interwork\libm.a(s_scalbn.o)
 .glue_7        0x0000f4c4        0x0 c:/asctec_arm_sdk/winarm/bin/../lib/gcc/arm-elf/4.1.1/../../../../arm-elf/lib/thumb/interwork\libm.a(s_copysign.o)
 .glue_7        0x0000f4c4        0x0 c:/asctec_arm_sdk/winarm/bin/../lib/gcc/arm-elf/4.1.1/thumb/interwork\libgcc.a(_cmpdf2.o)
 .glue_7        0x0000f4c4        0x0 c:/asctec_arm_sdk/winarm/bin/../lib/gcc/arm-elf/4.1.1/thumb/interwork\libgcc.a(_fixdfsi.o)
 .glue_7        0x0000f4c4        0x0 c:/asctec_arm_sdk/winarm/bin/../lib/gcc/arm-elf/4.1.1/thumb/interwork\libgcc.a(_truncdfsf2.o)
 .glue_7        0x0000f4c4        0x0 c:/asctec_arm_sdk/winarm/bin/../lib/gcc/arm-elf/4.1.1/thumb/interwork\libgcc.a(_addsubsf3.o)
 .glue_7        0x0000f4c4        0x0 c:/asctec_arm_sdk/winarm/bin/../lib/gcc/arm-elf/4.1.1/thumb/interwork\libgcc.a(_muldivsf3.o)
 .glue_7        0x0000f4c4        0x0 c:/asctec_arm_sdk/winarm/bin/../lib/gcc/arm-elf/4.1.1/thumb/interwork\libgcc.a(_cmpsf2.o)
 .glue_7        0x0000f4c4        0x0 c:/asctec_arm_sdk/winarm/bin/../lib/gcc/arm-elf/4.1.1/thumb/interwork\libgcc.a(_fixsfsi.o)
 .glue_7        0x0000f4c4        0x0 c:/asctec_arm_sdk/winarm/bin/../lib/gcc/arm-elf/4.1.1/../../../../arm-elf/lib/thumb/interwork\libg.a(errno.o)
 .glue_7        0x0000f4c4       0x60 c:/asctec_arm_sdk/winarm/bin/../lib/gcc/arm-elf/4.1.1/../../../../arm-elf/lib/thumb/interwork\libg.a(impure.o)
                0x0000f518                __atan2_from_arm
                0x0000f4c4                __cos_from_arm
                0x0000f4e8                ____udivsi3_from_arm
                0x0000f4dc                ____divsi3_from_arm
                0x0000f4d0                ____modsi3_from_arm
                0x0000f4f4                __memcpy_from_arm
                0x0000f50c                __sin_from_arm
                0x0000f500                __sqrt_from_arm
 *(.glue_7t)
 .glue_7t       0x0000f524        0x0 Common_WinARM/src/Startup.o
 .glue_7t       0x0000f524        0x0 Common_WinARM/src/swi_handler.o
 .glue_7t       0x0000f524        0x0 LL_HL_comm.o
 .glue_7t       0x0000f524        0x0 mymath.o
 .glue_7t       0x0000f524        0x0 gpsmath.o
 .glue_7t       0x0000f524        0x0 sdk.o
 .glue_7t       0x0000f524        0x0 buzzer.o
 .glue_7t       0x0000f524        0x0 ../custom_mdl/onboard_matlab_ert_rtw/ert_main.o
 .glue_7t       0x0000f524        0x0 ../custom_mdl/onboard_matlab_ert_rtw/onboard_matlab.o
 .glue_7t       0x0000f524        0x0 ../custom_mdl/onboard_matlab_ert_rtw/onboard_matlab_data.o
 .glue_7t       0x0000f524        0x0 main.o
 .glue_7t       0x0000f524        0x0 hardware.o
 .glue_7t       0x0000f524        0x0 LPC2k_ee.o
 .glue_7t       0x0000f524        0x0 system.o
 .glue_7t       0x0000f524        0x0 uart.o
 .glue_7t       0x0000f524        0x0 syscalls.o
 .glue_7t       0x0000f524        0x0 i2c.o
 .glue_7t       0x0000f524        0x0 Common_WinARM/src/irq.o
 .glue_7t       0x0000f524        0x0 adc.o
 .glue_7t       0x0000f524        0x0 ssp.o
 .glue_7t       0x0000f524        0x0 pelican_ptu.o
 .glue_7t       0x0000f524        0x0 c:/asctec_arm_sdk/winarm/bin/../lib/gcc/arm-elf/4.1.1/../../../../arm-elf/lib/thumb/interwork\libc.a(memcpy.o)
 .glue_7t       0x0000f524        0x0 c:/asctec_arm_sdk/winarm/bin/../lib/gcc/arm-elf/4.1.1/thumb/interwork\libgcc.a(_udivsi3.o)
 .glue_7t       0x0000f524        0x0 c:/asctec_arm_sdk/winarm/bin/../lib/gcc/arm-elf/4.1.1/thumb/interwork\libgcc.a(_divsi3.o)
 .glue_7t       0x0000f524        0x0 c:/asctec_arm_sdk/winarm/bin/../lib/gcc/arm-elf/4.1.1/thumb/interwork\libgcc.a(_modsi3.o)
 .glue_7t       0x0000f524        0x0 c:/asctec_arm_sdk/winarm/bin/../lib/gcc/arm-elf/4.1.1/thumb/interwork\libgcc.a(_dvmd_tls.o)
 .glue_7t       0x0000f524        0x0 c:/asctec_arm_sdk/winarm/bin/../lib/gcc/arm-elf/4.1.1/thumb/interwork\libgcc.a(_addsubdf3.o)
 .glue_7t       0x0000f524        0x0 c:/asctec_arm_sdk/winarm/bin/../lib/gcc/arm-elf/4.1.1/thumb/interwork\libgcc.a(_muldivdf3.o)
 .glue_7t       0x0000f524        0x0 ./\libdeclination.a(declination.o)
 .glue_7t       0x0000f524        0x0 ./\libublox.a(ublox.o)
 .glue_7t       0x0000f524        0x0 c:/asctec_arm_sdk/winarm/bin/../lib/gcc/arm-elf/4.1.1/../../../../arm-elf/lib/thumb/interwork\libm.a(s_cos.o)
 .glue_7t       0x0000f524        0x0 c:/asctec_arm_sdk/winarm/bin/../lib/gcc/arm-elf/4.1.1/../../../../arm-elf/lib/thumb/interwork\libm.a(s_sin.o)
 .glue_7t       0x0000f524        0x0 c:/asctec_arm_sdk/winarm/bin/../lib/gcc/arm-elf/4.1.1/../../../../arm-elf/lib/thumb/interwork\libm.a(w_atan2.o)
 .glue_7t       0x0000f524        0x0 c:/asctec_arm_sdk/winarm/bin/../lib/gcc/arm-elf/4.1.1/../../../../arm-elf/lib/thumb/interwork\libm.a(w_sqrt.o)
 .glue_7t       0x0000f524        0x0 c:/asctec_arm_sdk/winarm/bin/../lib/gcc/arm-elf/4.1.1/../../../../arm-elf/lib/thumb/interwork\libm.a(e_atan2.o)
 .glue_7t       0x0000f524        0x0 c:/asctec_arm_sdk/winarm/bin/../lib/gcc/arm-elf/4.1.1/../../../../arm-elf/lib/thumb/interwork\libm.a(e_rem_pio2.o)
 .glue_7t       0x0000f524        0x0 c:/asctec_arm_sdk/winarm/bin/../lib/gcc/arm-elf/4.1.1/../../../../arm-elf/lib/thumb/interwork\libm.a(e_sqrt.o)
 .glue_7t       0x0000f524        0x0 c:/asctec_arm_sdk/winarm/bin/../lib/gcc/arm-elf/4.1.1/../../../../arm-elf/lib/thumb/interwork\libm.a(k_cos.o)
 .glue_7t       0x0000f524        0x0 c:/asctec_arm_sdk/winarm/bin/../lib/gcc/arm-elf/4.1.1/../../../../arm-elf/lib/thumb/interwork\libm.a(k_rem_pio2.o)
 .glue_7t       0x0000f524        0x0 c:/asctec_arm_sdk/winarm/bin/../lib/gcc/arm-elf/4.1.1/../../../../arm-elf/lib/thumb/interwork\libm.a(k_sin.o)
 .glue_7t       0x0000f524        0x0 c:/asctec_arm_sdk/winarm/bin/../lib/gcc/arm-elf/4.1.1/../../../../arm-elf/lib/thumb/interwork\libm.a(s_atan.o)
 .glue_7t       0x0000f524        0x0 c:/asctec_arm_sdk/winarm/bin/../lib/gcc/arm-elf/4.1.1/../../../../arm-elf/lib/thumb/interwork\libm.a(s_fabs.o)
 .glue_7t       0x0000f524        0x0 c:/asctec_arm_sdk/winarm/bin/../lib/gcc/arm-elf/4.1.1/../../../../arm-elf/lib/thumb/interwork\libm.a(s_floor.o)
 .glue_7t       0x0000f524        0x0 c:/asctec_arm_sdk/winarm/bin/../lib/gcc/arm-elf/4.1.1/../../../../arm-elf/lib/thumb/interwork\libm.a(s_isnan.o)
 .glue_7t       0x0000f524        0x0 c:/asctec_arm_sdk/winarm/bin/../lib/gcc/arm-elf/4.1.1/../../../../arm-elf/lib/thumb/interwork\libm.a(s_lib_ver.o)
 .glue_7t       0x0000f524        0x0 c:/asctec_arm_sdk/winarm/bin/../lib/gcc/arm-elf/4.1.1/../../../../arm-elf/lib/thumb/interwork\libm.a(s_matherr.o)
 .glue_7t       0x0000f524        0x0 c:/asctec_arm_sdk/winarm/bin/../lib/gcc/arm-elf/4.1.1/../../../../arm-elf/lib/thumb/interwork\libm.a(s_scalbn.o)
 .glue_7t       0x0000f524        0x0 c:/asctec_arm_sdk/winarm/bin/../lib/gcc/arm-elf/4.1.1/../../../../arm-elf/lib/thumb/interwork\libm.a(s_copysign.o)
 .glue_7t       0x0000f524        0x0 c:/asctec_arm_sdk/winarm/bin/../lib/gcc/arm-elf/4.1.1/thumb/interwork\libgcc.a(_cmpdf2.o)
 .glue_7t       0x0000f524        0x0 c:/asctec_arm_sdk/winarm/bin/../lib/gcc/arm-elf/4.1.1/thumb/interwork\libgcc.a(_fixdfsi.o)
 .glue_7t       0x0000f524        0x0 c:/asctec_arm_sdk/winarm/bin/../lib/gcc/arm-elf/4.1.1/thumb/interwork\libgcc.a(_truncdfsf2.o)
 .glue_7t       0x0000f524        0x0 c:/asctec_arm_sdk/winarm/bin/../lib/gcc/arm-elf/4.1.1/thumb/interwork\libgcc.a(_addsubsf3.o)
 .glue_7t       0x0000f524        0x0 c:/asctec_arm_sdk/winarm/bin/../lib/gcc/arm-elf/4.1.1/thumb/interwork\libgcc.a(_muldivsf3.o)
 .glue_7t       0x0000f524        0x0 c:/asctec_arm_sdk/winarm/bin/../lib/gcc/arm-elf/4.1.1/thumb/interwork\libgcc.a(_cmpsf2.o)
 .glue_7t       0x0000f524        0x0 c:/asctec_arm_sdk/winarm/bin/../lib/gcc/arm-elf/4.1.1/thumb/interwork\libgcc.a(_fixsfsi.o)
 .glue_7t       0x0000f524        0x0 c:/asctec_arm_sdk/winarm/bin/../lib/gcc/arm-elf/4.1.1/../../../../arm-elf/lib/thumb/interwork\libg.a(errno.o)
 .glue_7t       0x0000f524       0x50 c:/asctec_arm_sdk/winarm/bin/../lib/gcc/arm-elf/4.1.1/../../../../arm-elf/lib/thumb/interwork\libg.a(impure.o)
                0x0000f56c                ____gtdf2_from_thumb
                0x0000f524                ____subdf3_from_thumb
                0x0000f538                ____ltdf2_change_to_arm
                0x0000f528                ____subdf3_change_to_arm
                0x0000f568                ____gedf2_change_to_arm
                0x0000f52c                ____eqdf2_from_thumb
                0x0000f554                ____fixdfsi_from_thumb
                0x0000f540                ____divdf3_change_to_arm
                0x0000f564                ____gedf2_from_thumb
                0x0000f550                ____muldf3_change_to_arm
                0x0000f558                ____fixdfsi_change_to_arm
                0x0000f53c                ____divdf3_from_thumb
                0x0000f548                ____adddf3_change_to_arm
                0x0000f570                ____gtdf2_change_to_arm
                0x0000f55c                ____floatsidf_from_thumb
                0x0000f534                ____ltdf2_from_thumb
                0x0000f544                ____adddf3_from_thumb
                0x0000f530                ____eqdf2_change_to_arm
                0x0000f54c                ____muldf3_from_thumb
                0x0000f560                ____floatsidf_change_to_arm
 *(.gcc_except_table)
 *(.rodata)
 .rodata        0x0000f574       0x2c ../custom_mdl/onboard_matlab_ert_rtw/onboard_matlab.o
 .rodata        0x0000f5a0       0x4c ../custom_mdl/onboard_matlab_ert_rtw/onboard_matlab_data.o
                0x0000f5a0                onboard_matlab_ConstB
                0x0000f5c8                onboard_matlab_ConstP
 .rodata        0x0000f5ec       0xe2 ./\libublox.a(ublox.o)
 *fill*         0x0000f6ce        0x2 00
 .rodata        0x0000f6d0      0x188 c:/asctec_arm_sdk/winarm/bin/../lib/gcc/arm-elf/4.1.1/../../../../arm-elf/lib/thumb/interwork\libm.a(e_rem_pio2.o)
 .rodata        0x0000f858       0x50 c:/asctec_arm_sdk/winarm/bin/../lib/gcc/arm-elf/4.1.1/../../../../arm-elf/lib/thumb/interwork\libm.a(k_rem_pio2.o)
 .rodata        0x0000f8a8       0x40 c:/asctec_arm_sdk/winarm/bin/../lib/gcc/arm-elf/4.1.1/../../../../arm-elf/lib/thumb/interwork\libm.a(s_atan.o)
 .rodata        0x0000f8e8        0x4 c:/asctec_arm_sdk/winarm/bin/../lib/gcc/arm-elf/4.1.1/../../../../arm-elf/lib/thumb/interwork\libm.a(s_lib_ver.o)
                0x0000f8e8                __fdlib_version
 .rodata        0x0000f8ec        0x4 c:/asctec_arm_sdk/winarm/bin/../lib/gcc/arm-elf/4.1.1/../../../../arm-elf/lib/thumb/interwork\libg.a(impure.o)
                0x0000f8ec                _global_impure_ptr
 *(.rodata*)
 .rodata.str1.4
                0x0000f8f0        0x6 c:/asctec_arm_sdk/winarm/bin/../lib/gcc/arm-elf/4.1.1/../../../../arm-elf/lib/thumb/interwork\libm.a(w_atan2.o)
                                  0x8 (size before relaxing)
 *fill*         0x0000f8f6        0x2 00
 .rodata.str1.4
                0x0000f8f8        0x5 c:/asctec_arm_sdk/winarm/bin/../lib/gcc/arm-elf/4.1.1/../../../../arm-elf/lib/thumb/interwork\libm.a(w_sqrt.o)
                                  0x8 (size before relaxing)
 *fill*         0x0000f8fd        0x3 00
 .rodata.str1.4
                0x0000f900        0x4 c:/asctec_arm_sdk/winarm/bin/../lib/gcc/arm-elf/4.1.1/../../../../arm-elf/lib/thumb/interwork\libg.a(impure.o)
 *(.gnu.linkonce.r.*)
                0x0000f904                . = ALIGN (0x4)
                0x0000f904                . = ALIGN (0x4)

.ctors          0x0000f904        0x0
                0x0000f904                PROVIDE (__ctors_start__, .)
 *(SORT(.ctors.*))
 *(.ctors)
                0x0000f904                . = ALIGN (0x4)
                0x0000f904                PROVIDE (__ctors_end__, .)
                0x0000f904                . = ALIGN (0x4)

.dtors          0x0000f904        0x0
                0x0000f904                PROVIDE (__dtors_start__, .)
 *(SORT(.dtors.*))
 *(.dtors)
                0x0000f904                . = ALIGN (0x4)
                0x0000f904                PROVIDE (__dtors_end__, .)
                0x0000f904                . = ALIGN (0x4)
                0x0000f904                . = ALIGN (0x4)
                0x0000f904                _etext = .
                0x0000f904                PROVIDE (etext, .)

.data           0x40000000      0x968 load address 0x0000f904
                0x40000000                _data = .
 *(.vectmapped)
                0x40000000                . = ALIGN (0x4)
 *(.fastrun)
                0x40000000                . = ALIGN (0x4)
                0x40000000                . = ALIGN (0x4)
 *(.data)
 .data          0x40000000        0x0 Common_WinARM/src/Startup.o
 .data          0x40000000        0x0 Common_WinARM/src/swi_handler.o
 .data          0x40000000        0x0 LL_HL_comm.o
 .data          0x40000000        0x0 mymath.o
 .data          0x40000000        0x0 gpsmath.o
 .data          0x40000000        0x2 sdk.o
 .data          0x40000002        0x0 buzzer.o
 .data          0x40000002        0x0 ../custom_mdl/onboard_matlab_ert_rtw/ert_main.o
 .data          0x40000002        0x0 ../custom_mdl/onboard_matlab_ert_rtw/onboard_matlab.o
 .data          0x40000002        0x0 ../custom_mdl/onboard_matlab_ert_rtw/onboard_matlab_data.o
 .data          0x40000002        0x2 main.o
                0x40000002                DataOutputsPerSecond
 .data          0x40000004        0x0 hardware.o
 .data          0x40000004        0x0 LPC2k_ee.o
 .data          0x40000004        0x0 system.o
 .data          0x40000004        0x7 uart.o
                0x40000008                stopstring
                0x40000005                startstring
                0x40000004                chksum_trigger
 .data          0x4000000b        0x0 syscalls.o
 .data          0x4000000b        0x0 i2c.o
 .data          0x4000000b        0x0 Common_WinARM/src/irq.o
 .data          0x4000000b        0x0 adc.o
 .data          0x4000000b        0x3 ssp.o
                0x4000000c                SSP_receiption_complete
                0x4000000d                data_sent_to_HL
                0x4000000b                data_sent_to_LL
 .data          0x4000000e        0x0 pelican_ptu.o
 .data          0x4000000e        0x0 c:/asctec_arm_sdk/winarm/bin/../lib/gcc/arm-elf/4.1.1/../../../../arm-elf/lib/thumb/interwork\libc.a(memcpy.o)
 .data          0x4000000e        0x0 c:/asctec_arm_sdk/winarm/bin/../lib/gcc/arm-elf/4.1.1/thumb/interwork\libgcc.a(_udivsi3.o)
 .data          0x4000000e        0x0 c:/asctec_arm_sdk/winarm/bin/../lib/gcc/arm-elf/4.1.1/thumb/interwork\libgcc.a(_divsi3.o)
 .data          0x4000000e        0x0 c:/asctec_arm_sdk/winarm/bin/../lib/gcc/arm-elf/4.1.1/thumb/interwork\libgcc.a(_modsi3.o)
 .data          0x4000000e        0x0 c:/asctec_arm_sdk/winarm/bin/../lib/gcc/arm-elf/4.1.1/thumb/interwork\libgcc.a(_dvmd_tls.o)
 .data          0x4000000e        0x0 c:/asctec_arm_sdk/winarm/bin/../lib/gcc/arm-elf/4.1.1/thumb/interwork\libgcc.a(_addsubdf3.o)
 .data          0x4000000e        0x0 c:/asctec_arm_sdk/winarm/bin/../lib/gcc/arm-elf/4.1.1/thumb/interwork\libgcc.a(_muldivdf3.o)
 *fill*         0x4000000e        0x2 00
 .data          0x40000010      0x54c ./\libdeclination.a(declination.o)
 .data          0x4000055c        0x8 ./\libublox.a(ublox.o)
                0x4000055c                gpsLEDTrigger
 .data          0x40000564        0x0 c:/asctec_arm_sdk/winarm/bin/../lib/gcc/arm-elf/4.1.1/../../../../arm-elf/lib/thumb/interwork\libm.a(s_cos.o)
 .data          0x40000564        0x0 c:/asctec_arm_sdk/winarm/bin/../lib/gcc/arm-elf/4.1.1/../../../../arm-elf/lib/thumb/interwork\libm.a(s_sin.o)
 .data          0x40000564        0x0 c:/asctec_arm_sdk/winarm/bin/../lib/gcc/arm-elf/4.1.1/../../../../arm-elf/lib/thumb/interwork\libm.a(w_atan2.o)
 .data          0x40000564        0x0 c:/asctec_arm_sdk/winarm/bin/../lib/gcc/arm-elf/4.1.1/../../../../arm-elf/lib/thumb/interwork\libm.a(w_sqrt.o)
 .data          0x40000564        0x0 c:/asctec_arm_sdk/winarm/bin/../lib/gcc/arm-elf/4.1.1/../../../../arm-elf/lib/thumb/interwork\libm.a(e_atan2.o)
 .data          0x40000564        0x0 c:/asctec_arm_sdk/winarm/bin/../lib/gcc/arm-elf/4.1.1/../../../../arm-elf/lib/thumb/interwork\libm.a(e_rem_pio2.o)
 .data          0x40000564        0x0 c:/asctec_arm_sdk/winarm/bin/../lib/gcc/arm-elf/4.1.1/../../../../arm-elf/lib/thumb/interwork\libm.a(e_sqrt.o)
 .data          0x40000564        0x0 c:/asctec_arm_sdk/winarm/bin/../lib/gcc/arm-elf/4.1.1/../../../../arm-elf/lib/thumb/interwork\libm.a(k_cos.o)
 .data          0x40000564        0x0 c:/asctec_arm_sdk/winarm/bin/../lib/gcc/arm-elf/4.1.1/../../../../arm-elf/lib/thumb/interwork\libm.a(k_rem_pio2.o)
 .data          0x40000564        0x0 c:/asctec_arm_sdk/winarm/bin/../lib/gcc/arm-elf/4.1.1/../../../../arm-elf/lib/thumb/interwork\libm.a(k_sin.o)
 .data          0x40000564        0x0 c:/asctec_arm_sdk/winarm/bin/../lib/gcc/arm-elf/4.1.1/../../../../arm-elf/lib/thumb/interwork\libm.a(s_atan.o)
 .data          0x40000564        0x0 c:/asctec_arm_sdk/winarm/bin/../lib/gcc/arm-elf/4.1.1/../../../../arm-elf/lib/thumb/interwork\libm.a(s_fabs.o)
 .data          0x40000564        0x0 c:/asctec_arm_sdk/winarm/bin/../lib/gcc/arm-elf/4.1.1/../../../../arm-elf/lib/thumb/interwork\libm.a(s_floor.o)
 .data          0x40000564        0x0 c:/asctec_arm_sdk/winarm/bin/../lib/gcc/arm-elf/4.1.1/../../../../arm-elf/lib/thumb/interwork\libm.a(s_isnan.o)
 .data          0x40000564        0x0 c:/asctec_arm_sdk/winarm/bin/../lib/gcc/arm-elf/4.1.1/../../../../arm-elf/lib/thumb/interwork\libm.a(s_lib_ver.o)
 .data          0x40000564        0x0 c:/asctec_arm_sdk/winarm/bin/../lib/gcc/arm-elf/4.1.1/../../../../arm-elf/lib/thumb/interwork\libm.a(s_matherr.o)
 .data          0x40000564        0x0 c:/asctec_arm_sdk/winarm/bin/../lib/gcc/arm-elf/4.1.1/../../../../arm-elf/lib/thumb/interwork\libm.a(s_scalbn.o)
 .data          0x40000564        0x0 c:/asctec_arm_sdk/winarm/bin/../lib/gcc/arm-elf/4.1.1/../../../../arm-elf/lib/thumb/interwork\libm.a(s_copysign.o)
 .data          0x40000564        0x0 c:/asctec_arm_sdk/winarm/bin/../lib/gcc/arm-elf/4.1.1/thumb/interwork\libgcc.a(_cmpdf2.o)
 .data          0x40000564        0x0 c:/asctec_arm_sdk/winarm/bin/../lib/gcc/arm-elf/4.1.1/thumb/interwork\libgcc.a(_fixdfsi.o)
 .data          0x40000564        0x0 c:/asctec_arm_sdk/winarm/bin/../lib/gcc/arm-elf/4.1.1/thumb/interwork\libgcc.a(_truncdfsf2.o)
 .data          0x40000564        0x0 c:/asctec_arm_sdk/winarm/bin/../lib/gcc/arm-elf/4.1.1/thumb/interwork\libgcc.a(_addsubsf3.o)
 .data          0x40000564        0x0 c:/asctec_arm_sdk/winarm/bin/../lib/gcc/arm-elf/4.1.1/thumb/interwork\libgcc.a(_muldivsf3.o)
 .data          0x40000564        0x0 c:/asctec_arm_sdk/winarm/bin/../lib/gcc/arm-elf/4.1.1/thumb/interwork\libgcc.a(_cmpsf2.o)
 .data          0x40000564        0x0 c:/asctec_arm_sdk/winarm/bin/../lib/gcc/arm-elf/4.1.1/thumb/interwork\libgcc.a(_fixsfsi.o)
 .data          0x40000564        0x0 c:/asctec_arm_sdk/winarm/bin/../lib/gcc/arm-elf/4.1.1/../../../../arm-elf/lib/thumb/interwork\libg.a(errno.o)
 .data          0x40000564      0x404 c:/asctec_arm_sdk/winarm/bin/../lib/gcc/arm-elf/4.1.1/../../../../arm-elf/lib/thumb/interwork\libg.a(impure.o)
                0x40000564                _impure_ptr
 *(.data.*)
 *(.gnu.linkonce.d*)
                0x40000968                . = ALIGN (0x4)
                0x40000968                . = ALIGN (0x4)
                0x40000968                _edata = .
                0x40000968                PROVIDE (edata, .)

.bss            0x40000968     0x1b54
                0x40000968                __bss_start = .
                0x40000968                __bss_start__ = .
 *(.bss)
 .bss           0x40000968        0x0 Common_WinARM/src/Startup.o
 .bss           0x40000968        0x0 Common_WinARM/src/swi_handler.o
 .bss           0x40000968       0x18 LL_HL_comm.o
                0x4000096e                wpCtrlNavStatus
                0x4000096c                wpCtrlAckTrigger
                0x4000096b                wpCtrlWpCmdUpdated
                0x40000970                wpCtrlDistToWp
                0x4000096a                wpCtrlWpCmd
                0x40000968                SSP_ack
 .bss           0x40000980        0x0 mymath.o
 .bss           0x40000980        0x4 gpsmath.o
                0x40000980                gpsDataOkTrigger
 .bss           0x40000984        0x0 sdk.o
 .bss           0x40000984       0x14 buzzer.o
 .bss           0x40000998       0xac ../custom_mdl/onboard_matlab_ert_rtw/ert_main.o
                0x40000a1c                uart_up_p_34
                0x40000a28                uart_up_p_37
                0x400009e8                uart_up_p_21
                0x40000a00                uart_up_p_27
                0x400009b8                uart_up_p_09
                0x400009cc                uart_up_p_14
                0x4000099c                uart_up_p_02
                0x40000a04                uart_up_p_28
                0x400009dc                uart_up_p_18
                0x400009e0                uart_up_p_19
                0x400009a4                uart_up_p_04
                0x400009c0                uart_up_p_11
                0x400009a8                uart_up_p_05
                0x400009f0                uart_up_p_23
                0x40000a24                uart_up_p_36
                0x40000a14                uart_up_p_32
                0x40000a18                uart_up_p_33
                0x400009e4                uart_up_p_20
                0x400009fc                uart_up_p_26
                0x400009b4                uart_up_p_08
                0x400009bc                uart_up_p_10
                0x400009d4                uart_up_p_16
                0x400009c8                uart_up_p_13
                0x40000998                uart_up_p_01
                0x400009f8                uart_up_p_25
                0x400009d8                uart_up_p_17
                0x400009a0                uart_up_p_03
                0x40000a34                uart_up_p_40
                0x40000a0c                uart_up_p_30
                0x400009ec                uart_up_p_22
                0x40000a20                uart_up_p_35
                0x40000a2c                uart_up_p_38
                0x40000a10                uart_up_p_31
                0x40000a30                uart_up_p_39
                0x40000a08                uart_up_p_29
                0x400009b0                uart_up_p_07
                0x400009c4                uart_up_p_12
                0x400009d0                uart_up_p_15
                0x400009ac                uart_up_p_06
                0x400009f4                uart_up_p_24
 .bss           0x40000a44        0x0 ../custom_mdl/onboard_matlab_ert_rtw/onboard_matlab.o
 .bss           0x40000a44        0x0 ../custom_mdl/onboard_matlab_ert_rtw/onboard_matlab_data.o
 .bss           0x40000a44       0x34 main.o
                0x40000a62                parameter_beep
                0x40000a58                GPS_timeout
                0x40000a4c                cnt
                0x40000a50                mainloop_cnt
                0x40000a64                logs_per_second
                0x40000a44                xbee_send_flag
                0x40000a48                int_cnt
                0x40000a68                total_logs_per_second
                0x40000a60                SYSTEM_initialized
                0x40000a5c                trigger_cnt
                0x40000a54                mainloop_trigger
                0x40000a6c                mainloop_overflows
 .bss           0x40000a78        0x0 hardware.o
 .bss           0x40000a78        0x0 LPC2k_ee.o
 .bss           0x40000a78        0x0 system.o
 .bss           0x40000a78      0x2a4 uart.o
                0x40000a7e                UART1_syncstate
                0x40000a7c                baudrate1_change
                0x40000a79                transmission_running
                0x40000a7b                trigger_transmission
                0x40000a84                UART1_rxcount
                0x40000a78                chksum_to_check
                0x40000a80                UART_rxcount
                0x40000a7d                UART_syncstate
                0x40000a7a                transmission1_running
                0x40000a88                UART_CalibDoneFlag
 .bss           0x40000d1c        0x4 syscalls.o
 .bss           0x40000d20       0x14 i2c.o
                0x40000d2c                RdIndex
                0x40000d20                I2CMasterState
                0x40000d24                I2CSlaveState
                0x40000d28                I2CCount
                0x40000d30                WrIndex
 .bss           0x40000d34        0x0 Common_WinARM/src/irq.o
 .bss           0x40000d34        0x8 adc.o
                0x40000d38                ADC1IntDone
                0x40000d34                ADC0IntDone
 .bss           0x40000d3c        0x4 ssp.o
                0x40000d3c                SSP_trans_cnt
 .bss           0x40000d40        0x8 pelican_ptu.o
 .bss           0x40000d48        0x0 c:/asctec_arm_sdk/winarm/bin/../lib/gcc/arm-elf/4.1.1/../../../../arm-elf/lib/thumb/interwork\libc.a(memcpy.o)
 .bss           0x40000d48        0x0 c:/asctec_arm_sdk/winarm/bin/../lib/gcc/arm-elf/4.1.1/thumb/interwork\libgcc.a(_udivsi3.o)
 .bss           0x40000d48        0x0 c:/asctec_arm_sdk/winarm/bin/../lib/gcc/arm-elf/4.1.1/thumb/interwork\libgcc.a(_divsi3.o)
 .bss           0x40000d48        0x0 c:/asctec_arm_sdk/winarm/bin/../lib/gcc/arm-elf/4.1.1/thumb/interwork\libgcc.a(_modsi3.o)
 .bss           0x40000d48        0x0 c:/asctec_arm_sdk/winarm/bin/../lib/gcc/arm-elf/4.1.1/thumb/interwork\libgcc.a(_dvmd_tls.o)
 .bss           0x40000d48        0x0 c:/asctec_arm_sdk/winarm/bin/../lib/gcc/arm-elf/4.1.1/thumb/interwork\libgcc.a(_addsubdf3.o)
 .bss           0x40000d48        0x0 c:/asctec_arm_sdk/winarm/bin/../lib/gcc/arm-elf/4.1.1/thumb/interwork\libgcc.a(_muldivdf3.o)
 .bss           0x40000d48      0xcc4 ./\libdeclination.a(declination.o)
                0x40000d48                estimatedDeclination
                0x40000d4c                estimatedInclination
                0x40000d50                declinationAvailable
 .bss           0x40001a0c       0x28 ./\libublox.a(ublox.o)
                0x40001a18                urVersionCheck
                0x40001a16                urAckId
                0x40001a1a                urMsgCnt
                0x40001a0c                urTimeCnt
                0x40001a1c                ubloxVersion
                0x40001a14                urAckReceived
                0x40001a17                urConfigMessageReceived
                0x40001a10                GPS_raw_data_size
                0x40001a15                urAckClass
 .bss           0x40001a34        0x0 c:/asctec_arm_sdk/winarm/bin/../lib/gcc/arm-elf/4.1.1/../../../../arm-elf/lib/thumb/interwork\libm.a(s_cos.o)
 .bss           0x40001a34        0x0 c:/asctec_arm_sdk/winarm/bin/../lib/gcc/arm-elf/4.1.1/../../../../arm-elf/lib/thumb/interwork\libm.a(s_sin.o)
 .bss           0x40001a34        0x0 c:/asctec_arm_sdk/winarm/bin/../lib/gcc/arm-elf/4.1.1/../../../../arm-elf/lib/thumb/interwork\libm.a(w_atan2.o)
 .bss           0x40001a34        0x0 c:/asctec_arm_sdk/winarm/bin/../lib/gcc/arm-elf/4.1.1/../../../../arm-elf/lib/thumb/interwork\libm.a(w_sqrt.o)
 .bss           0x40001a34        0x0 c:/asctec_arm_sdk/winarm/bin/../lib/gcc/arm-elf/4.1.1/../../../../arm-elf/lib/thumb/interwork\libm.a(e_atan2.o)
 .bss           0x40001a34        0x0 c:/asctec_arm_sdk/winarm/bin/../lib/gcc/arm-elf/4.1.1/../../../../arm-elf/lib/thumb/interwork\libm.a(e_rem_pio2.o)
 .bss           0x40001a34        0x0 c:/asctec_arm_sdk/winarm/bin/../lib/gcc/arm-elf/4.1.1/../../../../arm-elf/lib/thumb/interwork\libm.a(e_sqrt.o)
 .bss           0x40001a34        0x0 c:/asctec_arm_sdk/winarm/bin/../lib/gcc/arm-elf/4.1.1/../../../../arm-elf/lib/thumb/interwork\libm.a(k_cos.o)
 .bss           0x40001a34        0x0 c:/asctec_arm_sdk/winarm/bin/../lib/gcc/arm-elf/4.1.1/../../../../arm-elf/lib/thumb/interwork\libm.a(k_rem_pio2.o)
 .bss           0x40001a34        0x0 c:/asctec_arm_sdk/winarm/bin/../lib/gcc/arm-elf/4.1.1/../../../../arm-elf/lib/thumb/interwork\libm.a(k_sin.o)
 .bss           0x40001a34        0x0 c:/asctec_arm_sdk/winarm/bin/../lib/gcc/arm-elf/4.1.1/../../../../arm-elf/lib/thumb/interwork\libm.a(s_atan.o)
 .bss           0x40001a34        0x0 c:/asctec_arm_sdk/winarm/bin/../lib/gcc/arm-elf/4.1.1/../../../../arm-elf/lib/thumb/interwork\libm.a(s_fabs.o)
 .bss           0x40001a34        0x0 c:/asctec_arm_sdk/winarm/bin/../lib/gcc/arm-elf/4.1.1/../../../../arm-elf/lib/thumb/interwork\libm.a(s_floor.o)
 .bss           0x40001a34        0x0 c:/asctec_arm_sdk/winarm/bin/../lib/gcc/arm-elf/4.1.1/../../../../arm-elf/lib/thumb/interwork\libm.a(s_isnan.o)
 .bss           0x40001a34        0x0 c:/asctec_arm_sdk/winarm/bin/../lib/gcc/arm-elf/4.1.1/../../../../arm-elf/lib/thumb/interwork\libm.a(s_lib_ver.o)
 .bss           0x40001a34        0x0 c:/asctec_arm_sdk/winarm/bin/../lib/gcc/arm-elf/4.1.1/../../../../arm-elf/lib/thumb/interwork\libm.a(s_matherr.o)
 .bss           0x40001a34        0x0 c:/asctec_arm_sdk/winarm/bin/../lib/gcc/arm-elf/4.1.1/../../../../arm-elf/lib/thumb/interwork\libm.a(s_scalbn.o)
 .bss           0x40001a34        0x0 c:/asctec_arm_sdk/winarm/bin/../lib/gcc/arm-elf/4.1.1/../../../../arm-elf/lib/thumb/interwork\libm.a(s_copysign.o)
 .bss           0x40001a34        0x0 c:/asctec_arm_sdk/winarm/bin/../lib/gcc/arm-elf/4.1.1/thumb/interwork\libgcc.a(_cmpdf2.o)
 .bss           0x40001a34        0x0 c:/asctec_arm_sdk/winarm/bin/../lib/gcc/arm-elf/4.1.1/thumb/interwork\libgcc.a(_fixdfsi.o)
 .bss           0x40001a34        0x0 c:/asctec_arm_sdk/winarm/bin/../lib/gcc/arm-elf/4.1.1/thumb/interwork\libgcc.a(_truncdfsf2.o)
 .bss           0x40001a34        0x0 c:/asctec_arm_sdk/winarm/bin/../lib/gcc/arm-elf/4.1.1/thumb/interwork\libgcc.a(_addsubsf3.o)
 .bss           0x40001a34        0x0 c:/asctec_arm_sdk/winarm/bin/../lib/gcc/arm-elf/4.1.1/thumb/interwork\libgcc.a(_muldivsf3.o)
 .bss           0x40001a34        0x0 c:/asctec_arm_sdk/winarm/bin/../lib/gcc/arm-elf/4.1.1/thumb/interwork\libgcc.a(_cmpsf2.o)
 .bss           0x40001a34        0x0 c:/asctec_arm_sdk/winarm/bin/../lib/gcc/arm-elf/4.1.1/thumb/interwork\libgcc.a(_fixsfsi.o)
 .bss           0x40001a34        0x0 c:/asctec_arm_sdk/winarm/bin/../lib/gcc/arm-elf/4.1.1/../../../../arm-elf/lib/thumb/interwork\libg.a(errno.o)
 .bss           0x40001a34        0x0 c:/asctec_arm_sdk/winarm/bin/../lib/gcc/arm-elf/4.1.1/../../../../arm-elf/lib/thumb/interwork\libg.a(impure.o)
 *(.gnu.linkonce.b*)
 *(COMMON)
 COMMON         0x40001a34       0xb0 LL_HL_comm.o
                0x40001a34                LL_1khz_attitude_data
                0x40001a90                LL_1khz_control_input
                0x40001ac8                wpToLL
 COMMON         0x40001ae4       0x58 gpsmath.o
                0x40001ae4                GPS_Data
                0x40001b10                gps_data_temp
 COMMON         0x40001b3c      0x11c sdk.o
                0x40001b3c                WO_CTRL_Input
                0x40001b48                matlab_uart_tmp
                0x40001b64                WO_Direct_Motor_Control
                0x40001b68                matlab_debug
                0x40001b94                matlab_uart
                0x40001bb0                WO_Direct_Individual_Motor_Control
                0x40001bb8                WO_SDK
                0x40001bbc                RO_RC_Data
                0x40001bcc                RO_ALL_Data
 COMMON         0x40001c58       0xfc ../custom_mdl/onboard_matlab_ert_rtw/onboard_matlab.o
                0x40001c58                onboard_matlab_DWork
                0x40001c64                onboard_matlab_Y
                0x40001cb0                onboard_matlab_U
 COMMON         0x40001d54      0x224 main.o
                0x40001d54                GPS_Time
                0x40001d5c                matlab_params_tmp
                0x40001e00                IMU_CalcData
                0x40001e5c                matlab_params
                0x40001f00                HL_Status
                0x40001f18                uart_cnt
                0x40001f1c                IMU_CalcData_tmp
 COMMON         0x40001f78        0x4 LPC2k_ee.o
                0x40001f78                iap_entry
 COMMON         0x40001f7c       0x20 uart.o
                0x40001f7c                UART_rxptr
                0x40001f80                send_buffer
                0x40001f90                current_chksum
                0x40001f92                packets
                0x40001f94                tx_buff
                0x40001f98                UART1_rxptr
 COMMON         0x40001f9c       0x50 i2c.o
                0x40001f9c                I2CReadLength
                0x40001fa0                I2CSlaveBuffer
                0x40001fc0                I2CMode
                0x40001fc4                I2CMasterBuffer
                0x40001fe4                I2CCmd
                0x40001fe8                I2CWriteLength
 COMMON         0x40001fec       0x40 adc.o
                0x40001fec                ADC0Value
                0x4000200c                ADC1Value
 COMMON         0x4000202c      0x10c ssp.o
                0x4000202c                CurrentRxIndex
                0x40002030                SPIWR_num_bytes
                0x40002034                CurrentTxIndex
                0x40002038                SPIWRData
                0x400020b8                SPIRDData
 COMMON         0x40002138       0x2c pelican_ptu.o
                0x40002138                CAMERA_Commands
                0x40002144                CAMERA_ptu
 COMMON         0x40002164      0x356 ./\libublox.a(ublox.o)
                0x40002164                GPS_RawBuffer
                0x400022e4                urRecData
                0x400023e4                satInfo
                0x400024a4                urConfigCnt
                0x400024a8                urCfgIdList
                0x400024ac                gpsHardwareStatus
                0x400024bc                . = ALIGN (0x4)
 *fill*         0x400024ba        0x2 00
                0x400024bc                . = ALIGN (0x4)
                0x400024bc                __bss_end__ = .
                0x400024bc                PROVIDE (__bss_end, .)

.stack          0x40002500     0x1980
 *(.stack)
 .stack         0x40002500     0x1980 Common_WinARM/src/Startup.o
                0x40003e80                PROVIDE (_stack, .)
                0x40003e80                . = ALIGN (0x4)
                0x40003e80                _end = .
                0x40003e80                PROVIDE (end, .)

.stab
 *(.stab)

.stabstr
 *(.stabstr)

.stab.excl
 *(.stab.excl)

.stab.exclstr
 *(.stab.exclstr)

.stab.index
 *(.stab.index)

.stab.indexstr
 *(.stab.indexstr)

.comment        0x00000000      0x46e
 *(.comment)
 .comment       0x00000000       0x1b LL_HL_comm.o
 .comment       0x0000001b       0x1b mymath.o
 .comment       0x00000036       0x1b gpsmath.o
 .comment       0x00000051       0x1b sdk.o
 .comment       0x0000006c       0x1b buzzer.o
 .comment       0x00000087       0x1b ../custom_mdl/onboard_matlab_ert_rtw/ert_main.o
 .comment       0x000000a2       0x1b ../custom_mdl/onboard_matlab_ert_rtw/onboard_matlab.o
 .comment       0x000000bd       0x1b ../custom_mdl/onboard_matlab_ert_rtw/onboard_matlab_data.o
 .comment       0x000000d8       0x1b main.o
 .comment       0x000000f3       0x1b hardware.o
 .comment       0x0000010e       0x1b LPC2k_ee.o
 .comment       0x00000129       0x1b system.o
 .comment       0x00000144       0x1b uart.o
 .comment       0x0000015f       0x1b syscalls.o
 .comment       0x0000017a       0x1b i2c.o
 .comment       0x00000195       0x1b Common_WinARM/src/irq.o
 .comment       0x000001b0       0x1b adc.o
 .comment       0x000001cb       0x1b ssp.o
 .comment       0x000001e6       0x1b pelican_ptu.o
 .comment       0x00000201       0x1b c:/asctec_arm_sdk/winarm/bin/../lib/gcc/arm-elf/4.1.1/../../../../arm-elf/lib/thumb/interwork\libc.a(memcpy.o)
 .comment       0x0000021c       0x1b ./\libdeclination.a(declination.o)
 .comment       0x00000237       0x1b ./\libublox.a(ublox.o)
 .comment       0x00000252       0x1b c:/asctec_arm_sdk/winarm/bin/../lib/gcc/arm-elf/4.1.1/../../../../arm-elf/lib/thumb/interwork\libm.a(s_cos.o)
 .comment       0x0000026d       0x1b c:/asctec_arm_sdk/winarm/bin/../lib/gcc/arm-elf/4.1.1/../../../../arm-elf/lib/thumb/interwork\libm.a(s_sin.o)
 .comment       0x00000288       0x1b c:/asctec_arm_sdk/winarm/bin/../lib/gcc/arm-elf/4.1.1/../../../../arm-elf/lib/thumb/interwork\libm.a(w_atan2.o)
 .comment       0x000002a3       0x1b c:/asctec_arm_sdk/winarm/bin/../lib/gcc/arm-elf/4.1.1/../../../../arm-elf/lib/thumb/interwork\libm.a(w_sqrt.o)
 .comment       0x000002be       0x1b c:/asctec_arm_sdk/winarm/bin/../lib/gcc/arm-elf/4.1.1/../../../../arm-elf/lib/thumb/interwork\libm.a(e_atan2.o)
 .comment       0x000002d9       0x1b c:/asctec_arm_sdk/winarm/bin/../lib/gcc/arm-elf/4.1.1/../../../../arm-elf/lib/thumb/interwork\libm.a(e_rem_pio2.o)
 .comment       0x000002f4       0x1b c:/asctec_arm_sdk/winarm/bin/../lib/gcc/arm-elf/4.1.1/../../../../arm-elf/lib/thumb/interwork\libm.a(e_sqrt.o)
 .comment       0x0000030f       0x1b c:/asctec_arm_sdk/winarm/bin/../lib/gcc/arm-elf/4.1.1/../../../../arm-elf/lib/thumb/interwork\libm.a(k_cos.o)
 .comment       0x0000032a       0x1b c:/asctec_arm_sdk/winarm/bin/../lib/gcc/arm-elf/4.1.1/../../../../arm-elf/lib/thumb/interwork\libm.a(k_rem_pio2.o)
 .comment       0x00000345       0x1b c:/asctec_arm_sdk/winarm/bin/../lib/gcc/arm-elf/4.1.1/../../../../arm-elf/lib/thumb/interwork\libm.a(k_sin.o)
 .comment       0x00000360       0x1b c:/asctec_arm_sdk/winarm/bin/../lib/gcc/arm-elf/4.1.1/../../../../arm-elf/lib/thumb/interwork\libm.a(s_atan.o)
 .comment       0x0000037b       0x1b c:/asctec_arm_sdk/winarm/bin/../lib/gcc/arm-elf/4.1.1/../../../../arm-elf/lib/thumb/interwork\libm.a(s_fabs.o)
 .comment       0x00000396       0x1b c:/asctec_arm_sdk/winarm/bin/../lib/gcc/arm-elf/4.1.1/../../../../arm-elf/lib/thumb/interwork\libm.a(s_floor.o)
 .comment       0x000003b1       0x1b c:/asctec_arm_sdk/winarm/bin/../lib/gcc/arm-elf/4.1.1/../../../../arm-elf/lib/thumb/interwork\libm.a(s_isnan.o)
 .comment       0x000003cc       0x1b c:/asctec_arm_sdk/winarm/bin/../lib/gcc/arm-elf/4.1.1/../../../../arm-elf/lib/thumb/interwork\libm.a(s_lib_ver.o)
 .comment       0x000003e7       0x1b c:/asctec_arm_sdk/winarm/bin/../lib/gcc/arm-elf/4.1.1/../../../../arm-elf/lib/thumb/interwork\libm.a(s_matherr.o)
 .comment       0x00000402       0x1b c:/asctec_arm_sdk/winarm/bin/../lib/gcc/arm-elf/4.1.1/../../../../arm-elf/lib/thumb/interwork\libm.a(s_scalbn.o)
 .comment       0x0000041d       0x1b c:/asctec_arm_sdk/winarm/bin/../lib/gcc/arm-elf/4.1.1/../../../../arm-elf/lib/thumb/interwork\libm.a(s_copysign.o)
 .comment       0x00000438       0x1b c:/asctec_arm_sdk/winarm/bin/../lib/gcc/arm-elf/4.1.1/../../../../arm-elf/lib/thumb/interwork\libg.a(errno.o)
 .comment       0x00000453       0x1b c:/asctec_arm_sdk/winarm/bin/../lib/gcc/arm-elf/4.1.1/../../../../arm-elf/lib/thumb/interwork\libg.a(impure.o)

.debug
 *(.debug)

.line
 *(.line)

.debug_srcinfo
 *(.debug_srcinfo)

.debug_sfnames
 *(.debug_sfnames)

.debug_aranges  0x00000000      0x410
 *(.debug_aranges)
 .debug_aranges
                0x00000000       0x28 Common_WinARM/src/Startup.o
 .debug_aranges
                0x00000028       0x28 Common_WinARM/src/swi_handler.o
 .debug_aranges
                0x00000050       0x20 LL_HL_comm.o
 .debug_aranges
                0x00000070       0x20 gpsmath.o
 .debug_aranges
                0x00000090       0x20 sdk.o
 .debug_aranges
                0x000000b0       0x20 buzzer.o
 .debug_aranges
                0x000000d0       0x20 ../custom_mdl/onboard_matlab_ert_rtw/ert_main.o
 .debug_aranges
                0x000000f0       0x20 ../custom_mdl/onboard_matlab_ert_rtw/onboard_matlab.o
 .debug_aranges
                0x00000110       0x20 main.o
 .debug_aranges
                0x00000130       0x20 hardware.o
 .debug_aranges
                0x00000150       0x20 LPC2k_ee.o
 .debug_aranges
                0x00000170       0x20 system.o
 .debug_aranges
                0x00000190       0x20 uart.o
 .debug_aranges
                0x000001b0       0x20 syscalls.o
 .debug_aranges
                0x000001d0       0x20 i2c.o
 .debug_aranges
                0x000001f0       0x20 Common_WinARM/src/irq.o
 .debug_aranges
                0x00000210       0x20 adc.o
 .debug_aranges
                0x00000230       0x20 ssp.o
 .debug_aranges
                0x00000250       0x20 pelican_ptu.o
 .debug_aranges
                0x00000270       0x20 c:/asctec_arm_sdk/winarm/bin/../lib/gcc/arm-elf/4.1.1/thumb/interwork\libgcc.a(_udivsi3.o)
 .debug_aranges
                0x00000290       0x20 c:/asctec_arm_sdk/winarm/bin/../lib/gcc/arm-elf/4.1.1/thumb/interwork\libgcc.a(_divsi3.o)
 .debug_aranges
                0x000002b0       0x20 c:/asctec_arm_sdk/winarm/bin/../lib/gcc/arm-elf/4.1.1/thumb/interwork\libgcc.a(_modsi3.o)
 .debug_aranges
                0x000002d0       0x20 c:/asctec_arm_sdk/winarm/bin/../lib/gcc/arm-elf/4.1.1/thumb/interwork\libgcc.a(_dvmd_tls.o)
 .debug_aranges
                0x000002f0       0x20 c:/asctec_arm_sdk/winarm/bin/../lib/gcc/arm-elf/4.1.1/thumb/interwork\libgcc.a(_addsubdf3.o)
 .debug_aranges
                0x00000310       0x20 c:/asctec_arm_sdk/winarm/bin/../lib/gcc/arm-elf/4.1.1/thumb/interwork\libgcc.a(_muldivdf3.o)
 .debug_aranges
                0x00000330       0x20 c:/asctec_arm_sdk/winarm/bin/../lib/gcc/arm-elf/4.1.1/thumb/interwork\libgcc.a(_cmpdf2.o)
 .debug_aranges
                0x00000350       0x20 c:/asctec_arm_sdk/winarm/bin/../lib/gcc/arm-elf/4.1.1/thumb/interwork\libgcc.a(_fixdfsi.o)
 .debug_aranges
                0x00000370       0x20 c:/asctec_arm_sdk/winarm/bin/../lib/gcc/arm-elf/4.1.1/thumb/interwork\libgcc.a(_truncdfsf2.o)
 .debug_aranges
                0x00000390       0x20 c:/asctec_arm_sdk/winarm/bin/../lib/gcc/arm-elf/4.1.1/thumb/interwork\libgcc.a(_addsubsf3.o)
 .debug_aranges
                0x000003b0       0x20 c:/asctec_arm_sdk/winarm/bin/../lib/gcc/arm-elf/4.1.1/thumb/interwork\libgcc.a(_muldivsf3.o)
 .debug_aranges
                0x000003d0       0x20 c:/asctec_arm_sdk/winarm/bin/../lib/gcc/arm-elf/4.1.1/thumb/interwork\libgcc.a(_cmpsf2.o)
 .debug_aranges
                0x000003f0       0x20 c:/asctec_arm_sdk/winarm/bin/../lib/gcc/arm-elf/4.1.1/thumb/interwork\libgcc.a(_fixsfsi.o)

.debug_pubnames
                0x00000000     0x13dc
 *(.debug_pubnames)
 .debug_pubnames
                0x00000000      0x15a LL_HL_comm.o
 .debug_pubnames
                0x0000015a       0x54 gpsmath.o
 .debug_pubnames
                0x000001ae      0x111 sdk.o
 .debug_pubnames
                0x000002bf       0x6a buzzer.o
 .debug_pubnames
                0x00000329      0x303 ../custom_mdl/onboard_matlab_ert_rtw/ert_main.o
 .debug_pubnames
                0x0000062c      0x269 ../custom_mdl/onboard_matlab_ert_rtw/onboard_matlab.o
 .debug_pubnames
                0x00000895       0x46 ../custom_mdl/onboard_matlab_ert_rtw/onboard_matlab_data.o
 .debug_pubnames
                0x000008db      0x1d7 main.o
 .debug_pubnames
                0x00000ab2       0x54 hardware.o
 .debug_pubnames
                0x00000b06       0x80 LPC2k_ee.o
 .debug_pubnames
                0x00000b86      0x11f system.o
 .debug_pubnames
                0x00000ca5      0x31f uart.o
 .debug_pubnames
                0x00000fc4       0x69 syscalls.o
 .debug_pubnames
                0x0000102d      0x120 i2c.o
 .debug_pubnames
                0x0000114d       0x41 Common_WinARM/src/irq.o
 .debug_pubnames
                0x0000118e       0x74 adc.o
 .debug_pubnames
                0x00001202      0x126 ssp.o
 .debug_pubnames
                0x00001328       0xb4 pelican_ptu.o

.debug_info     0x00000000     0x98c7
 *(.debug_info .gnu.linkonce.wi.*)
 .debug_info    0x00000000       0xbd Common_WinARM/src/Startup.o
 .debug_info    0x000000bd       0xc1 Common_WinARM/src/swi_handler.o
 .debug_info    0x0000017e      0xd6f LL_HL_comm.o
 .debug_info    0x00000eed        0x0 mymath.o
 .debug_info    0x00000eed      0x1a6 gpsmath.o
 .debug_info    0x00001093      0x736 sdk.o
 .debug_info    0x000017c9      0x390 buzzer.o
 .debug_info    0x00001b59     0x126e ../custom_mdl/onboard_matlab_ert_rtw/ert_main.o
 .debug_info    0x00002dc7     0x1802 ../custom_mdl/onboard_matlab_ert_rtw/onboard_matlab.o
 .debug_info    0x000045c9      0x293 ../custom_mdl/onboard_matlab_ert_rtw/onboard_matlab_data.o
 .debug_info    0x0000485c      0xfa8 main.o
 .debug_info    0x00005804      0x1ac hardware.o
 .debug_info    0x000059b0      0x553 LPC2k_ee.o
 .debug_info    0x00005f03      0x362 system.o
 .debug_info    0x00006265      0xe82 uart.o
 .debug_info    0x000070e7     0x106f syscalls.o
 .debug_info    0x00008156      0x358 i2c.o
 .debug_info    0x000084ae      0x21a Common_WinARM/src/irq.o
 .debug_info    0x000086c8      0x26d adc.o
 .debug_info    0x00008935      0x35b ssp.o
 .debug_info    0x00008c90      0x65c pelican_ptu.o
 .debug_info    0x000092ec       0x74 c:/asctec_arm_sdk/winarm/bin/../lib/gcc/arm-elf/4.1.1/thumb/interwork\libgcc.a(_udivsi3.o)
 .debug_info    0x00009360       0x74 c:/asctec_arm_sdk/winarm/bin/../lib/gcc/arm-elf/4.1.1/thumb/interwork\libgcc.a(_divsi3.o)
 .debug_info    0x000093d4       0x74 c:/asctec_arm_sdk/winarm/bin/../lib/gcc/arm-elf/4.1.1/thumb/interwork\libgcc.a(_modsi3.o)
 .debug_info    0x00009448       0x74 c:/asctec_arm_sdk/winarm/bin/../lib/gcc/arm-elf/4.1.1/thumb/interwork\libgcc.a(_dvmd_tls.o)
 .debug_info    0x000094bc       0x73 c:/asctec_arm_sdk/winarm/bin/../lib/gcc/arm-elf/4.1.1/thumb/interwork\libgcc.a(_addsubdf3.o)
 .debug_info    0x0000952f       0x73 c:/asctec_arm_sdk/winarm/bin/../lib/gcc/arm-elf/4.1.1/thumb/interwork\libgcc.a(_muldivdf3.o)
 .debug_info    0x000095a2       0x73 c:/asctec_arm_sdk/winarm/bin/../lib/gcc/arm-elf/4.1.1/thumb/interwork\libgcc.a(_cmpdf2.o)
 .debug_info    0x00009615       0x73 c:/asctec_arm_sdk/winarm/bin/../lib/gcc/arm-elf/4.1.1/thumb/interwork\libgcc.a(_fixdfsi.o)
 .debug_info    0x00009688       0x73 c:/asctec_arm_sdk/winarm/bin/../lib/gcc/arm-elf/4.1.1/thumb/interwork\libgcc.a(_truncdfsf2.o)
 .debug_info    0x000096fb       0x73 c:/asctec_arm_sdk/winarm/bin/../lib/gcc/arm-elf/4.1.1/thumb/interwork\libgcc.a(_addsubsf3.o)
 .debug_info    0x0000976e       0x73 c:/asctec_arm_sdk/winarm/bin/../lib/gcc/arm-elf/4.1.1/thumb/interwork\libgcc.a(_muldivsf3.o)
 .debug_info    0x000097e1       0x73 c:/asctec_arm_sdk/winarm/bin/../lib/gcc/arm-elf/4.1.1/thumb/interwork\libgcc.a(_cmpsf2.o)
 .debug_info    0x00009854       0x73 c:/asctec_arm_sdk/winarm/bin/../lib/gcc/arm-elf/4.1.1/thumb/interwork\libgcc.a(_fixsfsi.o)

.debug_abbrev   0x00000000     0x130f
 *(.debug_abbrev)
 .debug_abbrev  0x00000000       0x10 Common_WinARM/src/Startup.o
 .debug_abbrev  0x00000010       0x10 Common_WinARM/src/swi_handler.o
 .debug_abbrev  0x00000020      0x1a2 LL_HL_comm.o
 .debug_abbrev  0x000001c2        0x1 mymath.o
 .debug_abbrev  0x000001c3       0x97 gpsmath.o
 .debug_abbrev  0x0000025a       0xb8 sdk.o
 .debug_abbrev  0x00000312      0x105 buzzer.o
 .debug_abbrev  0x00000417       0xd2 ../custom_mdl/onboard_matlab_ert_rtw/ert_main.o
 .debug_abbrev  0x000004e9      0x242 ../custom_mdl/onboard_matlab_ert_rtw/onboard_matlab.o
 .debug_abbrev  0x0000072b       0x7d ../custom_mdl/onboard_matlab_ert_rtw/onboard_matlab_data.o
 .debug_abbrev  0x000007a8      0x100 main.o
 .debug_abbrev  0x000008a8       0x5d hardware.o
 .debug_abbrev  0x00000905      0x106 LPC2k_ee.o
 .debug_abbrev  0x00000a0b       0xe2 system.o
 .debug_abbrev  0x00000aed      0x16c uart.o
 .debug_abbrev  0x00000c59      0x1a7 syscalls.o
 .debug_abbrev  0x00000e00       0xeb i2c.o
 .debug_abbrev  0x00000eeb       0xc5 Common_WinARM/src/irq.o
 .debug_abbrev  0x00000fb0       0xc2 adc.o
 .debug_abbrev  0x00001072       0xc0 ssp.o
 .debug_abbrev  0x00001132       0xd9 pelican_ptu.o
 .debug_abbrev  0x0000120b       0x14 c:/asctec_arm_sdk/winarm/bin/../lib/gcc/arm-elf/4.1.1/thumb/interwork\libgcc.a(_udivsi3.o)
 .debug_abbrev  0x0000121f       0x14 c:/asctec_arm_sdk/winarm/bin/../lib/gcc/arm-elf/4.1.1/thumb/interwork\libgcc.a(_divsi3.o)
 .debug_abbrev  0x00001233       0x14 c:/asctec_arm_sdk/winarm/bin/../lib/gcc/arm-elf/4.1.1/thumb/interwork\libgcc.a(_modsi3.o)
 .debug_abbrev  0x00001247       0x14 c:/asctec_arm_sdk/winarm/bin/../lib/gcc/arm-elf/4.1.1/thumb/interwork\libgcc.a(_dvmd_tls.o)
 .debug_abbrev  0x0000125b       0x14 c:/asctec_arm_sdk/winarm/bin/../lib/gcc/arm-elf/4.1.1/thumb/interwork\libgcc.a(_addsubdf3.o)
 .debug_abbrev  0x0000126f       0x14 c:/asctec_arm_sdk/winarm/bin/../lib/gcc/arm-elf/4.1.1/thumb/interwork\libgcc.a(_muldivdf3.o)
 .debug_abbrev  0x00001283       0x14 c:/asctec_arm_sdk/winarm/bin/../lib/gcc/arm-elf/4.1.1/thumb/interwork\libgcc.a(_cmpdf2.o)
 .debug_abbrev  0x00001297       0x14 c:/asctec_arm_sdk/winarm/bin/../lib/gcc/arm-elf/4.1.1/thumb/interwork\libgcc.a(_fixdfsi.o)
 .debug_abbrev  0x000012ab       0x14 c:/asctec_arm_sdk/winarm/bin/../lib/gcc/arm-elf/4.1.1/thumb/interwork\libgcc.a(_truncdfsf2.o)
 .debug_abbrev  0x000012bf       0x14 c:/asctec_arm_sdk/winarm/bin/../lib/gcc/arm-elf/4.1.1/thumb/interwork\libgcc.a(_addsubsf3.o)
 .debug_abbrev  0x000012d3       0x14 c:/asctec_arm_sdk/winarm/bin/../lib/gcc/arm-elf/4.1.1/thumb/interwork\libgcc.a(_muldivsf3.o)
 .debug_abbrev  0x000012e7       0x14 c:/asctec_arm_sdk/winarm/bin/../lib/gcc/arm-elf/4.1.1/thumb/interwork\libgcc.a(_cmpsf2.o)
 .debug_abbrev  0x000012fb       0x14 c:/asctec_arm_sdk/winarm/bin/../lib/gcc/arm-elf/4.1.1/thumb/interwork\libgcc.a(_fixsfsi.o)

.debug_line     0x00000000     0x21ca
 *(.debug_line)
 .debug_line    0x00000000       0xcf Common_WinARM/src/Startup.o
 .debug_line    0x000000cf       0xa6 Common_WinARM/src/swi_handler.o
 .debug_line    0x00000175      0x30a LL_HL_comm.o
 .debug_line    0x0000047f        0x0 mymath.o
 .debug_line    0x0000047f       0x51 gpsmath.o
 .debug_line    0x000004d0       0x6b sdk.o
 .debug_line    0x0000053b      0x103 buzzer.o
 .debug_line    0x0000063e      0x2ae ../custom_mdl/onboard_matlab_ert_rtw/ert_main.o
 .debug_line    0x000008ec      0x6b0 ../custom_mdl/onboard_matlab_ert_rtw/onboard_matlab.o
 .debug_line    0x00000f9c       0x7d ../custom_mdl/onboard_matlab_ert_rtw/onboard_matlab_data.o
 .debug_line    0x00001019       0xf9 main.o
 .debug_line    0x00001112       0x4b hardware.o
 .debug_line    0x0000115d       0x7b LPC2k_ee.o
 .debug_line    0x000011d8       0xae system.o
 .debug_line    0x00001286      0x14e uart.o
 .debug_line    0x000013d4      0x19d syscalls.o
 .debug_line    0x00001571       0xc4 i2c.o
 .debug_line    0x00001635       0x84 Common_WinARM/src/irq.o
 .debug_line    0x000016b9       0x67 adc.o
 .debug_line    0x00001720       0x7d ssp.o
 .debug_line    0x0000179d       0x8b pelican_ptu.o
 .debug_line    0x00001828       0x76 c:/asctec_arm_sdk/winarm/bin/../lib/gcc/arm-elf/4.1.1/thumb/interwork\libgcc.a(_udivsi3.o)
 .debug_line    0x0000189e       0x82 c:/asctec_arm_sdk/winarm/bin/../lib/gcc/arm-elf/4.1.1/thumb/interwork\libgcc.a(_divsi3.o)
 .debug_line    0x00001920       0x77 c:/asctec_arm_sdk/winarm/bin/../lib/gcc/arm-elf/4.1.1/thumb/interwork\libgcc.a(_modsi3.o)
 .debug_line    0x00001997       0x60 c:/asctec_arm_sdk/winarm/bin/../lib/gcc/arm-elf/4.1.1/thumb/interwork\libgcc.a(_dvmd_tls.o)
 .debug_line    0x000019f7      0x168 c:/asctec_arm_sdk/winarm/bin/../lib/gcc/arm-elf/4.1.1/thumb/interwork\libgcc.a(_addsubdf3.o)
 .debug_line    0x00001b5f      0x17d c:/asctec_arm_sdk/winarm/bin/../lib/gcc/arm-elf/4.1.1/thumb/interwork\libgcc.a(_muldivdf3.o)
 .debug_line    0x00001cdc       0xaa c:/asctec_arm_sdk/winarm/bin/../lib/gcc/arm-elf/4.1.1/thumb/interwork\libgcc.a(_cmpdf2.o)
 .debug_line    0x00001d86       0x75 c:/asctec_arm_sdk/winarm/bin/../lib/gcc/arm-elf/4.1.1/thumb/interwork\libgcc.a(_fixdfsi.o)
 .debug_line    0x00001dfb       0x86 c:/asctec_arm_sdk/winarm/bin/../lib/gcc/arm-elf/4.1.1/thumb/interwork\libgcc.a(_truncdfsf2.o)
 .debug_line    0x00001e81      0x116 c:/asctec_arm_sdk/winarm/bin/../lib/gcc/arm-elf/4.1.1/thumb/interwork\libgcc.a(_addsubsf3.o)
 .debug_line    0x00001f97      0x120 c:/asctec_arm_sdk/winarm/bin/../lib/gcc/arm-elf/4.1.1/thumb/interwork\libgcc.a(_muldivsf3.o)
 .debug_line    0x000020b7       0x9e c:/asctec_arm_sdk/winarm/bin/../lib/gcc/arm-elf/4.1.1/thumb/interwork\libgcc.a(_cmpsf2.o)
 .debug_line    0x00002155       0x75 c:/asctec_arm_sdk/winarm/bin/../lib/gcc/arm-elf/4.1.1/thumb/interwork\libgcc.a(_fixsfsi.o)

.debug_frame    0x00000000      0xd34
 *(.debug_frame)
 .debug_frame   0x00000000       0x9c LL_HL_comm.o
 .debug_frame   0x0000009c       0x38 gpsmath.o
 .debug_frame   0x000000d4       0x28 sdk.o
 .debug_frame   0x000000fc       0x40 buzzer.o
 .debug_frame   0x0000013c       0x38 ../custom_mdl/onboard_matlab_ert_rtw/ert_main.o
 .debug_frame   0x00000174      0x298 ../custom_mdl/onboard_matlab_ert_rtw/onboard_matlab.o
 .debug_frame   0x0000040c       0x70 main.o
 .debug_frame   0x0000047c       0x30 hardware.o
 .debug_frame   0x000004ac       0x70 LPC2k_ee.o
 .debug_frame   0x0000051c      0x190 system.o
 .debug_frame   0x000006ac      0x250 uart.o
 .debug_frame   0x000008fc       0xf0 syscalls.o
 .debug_frame   0x000009ec       0xd0 i2c.o
 .debug_frame   0x00000abc       0x90 Common_WinARM/src/irq.o
 .debug_frame   0x00000b4c       0x70 adc.o
 .debug_frame   0x00000bbc       0x70 ssp.o
 .debug_frame   0x00000c2c       0x90 pelican_ptu.o
 .debug_frame   0x00000cbc       0x28 c:/asctec_arm_sdk/winarm/bin/../lib/gcc/arm-elf/4.1.1/thumb/interwork\libgcc.a(_udivsi3.o)
 .debug_frame   0x00000ce4       0x28 c:/asctec_arm_sdk/winarm/bin/../lib/gcc/arm-elf/4.1.1/thumb/interwork\libgcc.a(_divsi3.o)
 .debug_frame   0x00000d0c       0x28 c:/asctec_arm_sdk/winarm/bin/../lib/gcc/arm-elf/4.1.1/thumb/interwork\libgcc.a(_modsi3.o)

.debug_str      0x00000000     0x1aa3
 *(.debug_str)
 .debug_str     0x00000000      0x890 LL_HL_comm.o
                                0x948 (size before relaxing)
 .debug_str     0x00000890       0x33 gpsmath.o
                                0x1aa (size before relaxing)
 .debug_str     0x000008c3      0x173 sdk.o
                                0x5b0 (size before relaxing)
 .debug_str     0x00000a36       0xa7 buzzer.o
                                0x368 (size before relaxing)
 .debug_str     0x00000add      0x7b0 ../custom_mdl/onboard_matlab_ert_rtw/ert_main.o
                                0xcbe (size before relaxing)
 .debug_str     0x0000128d      0x683 ../custom_mdl/onboard_matlab_ert_rtw/onboard_matlab.o
                                0xd84 (size before relaxing)
 .debug_str     0x00001910       0x3b ../custom_mdl/onboard_matlab_ert_rtw/onboard_matlab_data.o
                                0x284 (size before relaxing)
 .debug_str     0x0000194b       0x58 main.o
 .debug_str     0x000019a3       0x3c LPC2k_ee.o
 .debug_str     0x000019df       0x12 system.o
 .debug_str     0x000019f1       0x1a uart.o
 .debug_str     0x00001a0b       0x25 syscalls.o
 .debug_str     0x00001a30       0x12 i2c.o
 .debug_str     0x00001a42       0x1e Common_WinARM/src/irq.o
 .debug_str     0x00001a60       0x26 adc.o
 .debug_str     0x00001a86       0x12 ssp.o
 .debug_str     0x00001a98        0xb pelican_ptu.o

.debug_loc      0x00000000     0x2a46
 *(.debug_loc)
 .debug_loc     0x00000000      0x134 LL_HL_comm.o
 .debug_loc     0x00000134       0x87 gpsmath.o
 .debug_loc     0x000001bb       0x1f sdk.o
 .debug_loc     0x000001da      0x2f7 buzzer.o
 .debug_loc     0x000004d1       0x2c ../custom_mdl/onboard_matlab_ert_rtw/ert_main.o
 .debug_loc     0x000004fd     0x1ac9 ../custom_mdl/onboard_matlab_ert_rtw/onboard_matlab.o
 .debug_loc     0x00001fc6       0x7e main.o
 .debug_loc     0x00002044       0x2a hardware.o
 .debug_loc     0x0000206e       0x7e LPC2k_ee.o
 .debug_loc     0x000020ec      0x1f8 system.o
 .debug_loc     0x000022e4      0x2f4 uart.o
 .debug_loc     0x000025d8      0x126 syscalls.o
 .debug_loc     0x000026fe       0xfc i2c.o
 .debug_loc     0x000027fa       0xa8 Common_WinARM/src/irq.o
 .debug_loc     0x000028a2       0x7e adc.o
 .debug_loc     0x00002920       0x7e ssp.o
 .debug_loc     0x0000299e       0xa8 pelican_ptu.o

.debug_macinfo
 *(.debug_macinfo)

.debug_weaknames
 *(.debug_weaknames)

.debug_funcnames
 *(.debug_funcnames)

.debug_typenames
 *(.debug_typenames)

.debug_varnames
 *(.debug_varnames)
OUTPUT(main.elf elf32-littlearm)

.debug_ranges   0x00000000       0x48
 .debug_ranges  0x00000000       0x48 LL_HL_comm.o

Cross Reference Table

Symbol                                            File
ADC0IntDone                                       adc.o
ADC0Read                                          adc.o
                                                  main.o
ADC0Value                                         adc.o
ADC1IntDone                                       adc.o
ADC1Read                                          adc.o
ADC1Value                                         adc.o
ADCInit                                           adc.o
                                                  system.o
CAMERA_Commands                                   pelican_ptu.o
CAMERA_ptu                                        pelican_ptu.o
CurrentRxIndex                                    ssp.o
CurrentTxIndex                                    ssp.o
DataOutputsPerSecond                              main.o
                                                  uart.o
FiqDisable                                        Common_WinARM/src/swi_handler.o
FiqEnable                                         Common_WinARM/src/swi_handler.o
FiqRestore                                        Common_WinARM/src/swi_handler.o
GPS_Data                                          ./\libublox.a(ublox.o)
                                                  main.o
                                                  gpsmath.o
                                                  LL_HL_comm.o
GPS_RawBuffer                                     ./\libublox.a(ublox.o)
GPS_Time                                          ./\libublox.a(ublox.o)
                                                  main.o
GPS_raw_data_size                                 ./\libublox.a(ublox.o)
GPS_timeout                                       main.o
                                                  ./\libublox.a(ublox.o)
                                                  pelican_ptu.o
                                                  ssp.o
                                                  uart.o
                                                  system.o
                                                  LPC2k_ee.o
                                                  hardware.o
                                                  ../custom_mdl/onboard_matlab_ert_rtw/ert_main.o
                                                  buzzer.o
                                                  sdk.o
                                                  LL_HL_comm.o
HL2LL_write_cycle                                 LL_HL_comm.o
                                                  main.o
HL_Status                                         main.o
                                                  sdk.o
                                                  LL_HL_comm.o
I2C0MasterHandler                                 i2c.o
I2C0_send_motordata                               i2c.o
I2CCmd                                            i2c.o
I2CCount                                          i2c.o
I2CEngine                                         i2c.o
I2CInit                                           i2c.o
I2CMasterBuffer                                   i2c.o
I2CMasterState                                    i2c.o
I2CMode                                           i2c.o
I2CReadLength                                     i2c.o
I2CSlaveBuffer                                    i2c.o
I2CSlaveState                                     i2c.o
I2CStart                                          i2c.o
I2CStop                                           i2c.o
I2CWriteLength                                    i2c.o
IMU_CalcData                                      pelican_ptu.o
                                                  main.o
                                                  LL_HL_comm.o
IMU_CalcData_tmp                                  main.o
IntDisable                                        Common_WinARM/src/swi_handler.o
IntEnable                                         Common_WinARM/src/swi_handler.o
IntGetCPSR                                        Common_WinARM/src/swi_handler.o
IntRestore                                        Common_WinARM/src/swi_handler.o
LED                                               hardware.o
                                                  main.o
LL_1khz_attitude_data                             buzzer.o
                                                  LL_HL_comm.o
LL_1khz_control_input                             LL_HL_comm.o
LL_write                                          ssp.o
LL_write_ctrl_data                                LL_HL_comm.o
LL_write_init                                     ssp.o
                                                  main.o
MultiWord2sLong                                   ../custom_mdl/onboard_matlab_ert_rtw/onboard_matlab.o
MultiWordAdd                                      ../custom_mdl/onboard_matlab_ert_rtw/onboard_matlab.o
PTU_init                                          pelican_ptu.o
                                                  main.o
PTU_update                                        pelican_ptu.o
                                                  main.o
PWM_Init                                          system.o
RO_ALL_Data                                       main.o
                                                  ../custom_mdl/onboard_matlab_ert_rtw/ert_main.o
                                                  sdk.o
                                                  LL_HL_comm.o
RO_RC_Data                                        sdk.o
                                                  LL_HL_comm.o
RdIndex                                           i2c.o
SDK_mainloop                                      sdk.o
                                                  main.o
SERVO_pitch_move                                  pelican_ptu.o
SERVO_roll_move                                   pelican_ptu.o
SPIRDData                                         ssp.o
SPIWRData                                         ssp.o
                                                  LL_HL_comm.o
SPIWR_num_bytes                                   ssp.o
                                                  LL_HL_comm.o
SSPHandler                                        ssp.o
                                                  system.o
SSP_ack                                           LL_HL_comm.o
SSP_data_distribution_HL                          LL_HL_comm.o
SSP_receiption_complete                           ssp.o
SSP_rx_handler_HL                                 LL_HL_comm.o
                                                  ssp.o
SSP_trans_cnt                                     ssp.o
                                                  uart.o
                                                  system.o
                                                  main.o
SYSTEM_initialized                                main.o
                                                  pelican_ptu.o
                                                  ssp.o
                                                  uart.o
                                                  system.o
                                                  LPC2k_ee.o
                                                  hardware.o
                                                  ../custom_mdl/onboard_matlab_ert_rtw/ert_main.o
                                                  buzzer.o
                                                  sdk.o
                                                  LL_HL_comm.o
SoftwareInterrupt                                 Common_WinARM/src/swi_handler.o
                                                  Common_WinARM/src/Startup.o
UART0Initialize                                   uart.o
                                                  system.o
UART0ReadChar                                     uart.o
                                                  syscalls.o
UART0WriteChar                                    uart.o
                                                  syscalls.o
                                                  main.o
UART0_SendPacket                                  uart.o
                                                  sdk.o
UART0_fifo                                        uart.o
                                                  main.o
UART0_send                                        uart.o
UART0_send_ringbuffer                             uart.o
UART1Initialize                                   uart.o
                                                  ./\libublox.a(ublox.o)
                                                  system.o
UART1ReadChar                                     uart.o
UART1WriteChar                                    uart.o
UART1_rxcount                                     uart.o
UART1_rxptr                                       uart.o
UART1_send                                        uart.o
                                                  ./\libublox.a(ublox.o)
UART1_send_ringbuffer                             uart.o
UART1_syncstate                                   uart.o
UART_CalibDoneFlag                                uart.o
UART_rxcount                                      uart.o
UART_rxptr                                        uart.o
UART_syncstate                                    uart.o
WO_CTRL_Input                                     ../custom_mdl/onboard_matlab_ert_rtw/ert_main.o
                                                  sdk.o
                                                  LL_HL_comm.o
WO_Direct_Individual_Motor_Control                ../custom_mdl/onboard_matlab_ert_rtw/ert_main.o
                                                  sdk.o
                                                  LL_HL_comm.o
WO_Direct_Motor_Control                           ../custom_mdl/onboard_matlab_ert_rtw/ert_main.o
                                                  sdk.o
                                                  LL_HL_comm.o
WO_SDK                                            ../custom_mdl/onboard_matlab_ert_rtw/ert_main.o
                                                  sdk.o
                                                  LL_HL_comm.o
WrIndex                                           i2c.o
__IRQ_Wrapper                                     Common_WinARM/src/Startup.o
____adddf3_change_to_arm                          c:/asctec_arm_sdk/winarm/bin/../lib/gcc/arm-elf/4.1.1/../../../../arm-elf/lib/thumb/interwork\libg.a(impure.o)
____adddf3_from_thumb                             c:/asctec_arm_sdk/winarm/bin/../lib/gcc/arm-elf/4.1.1/../../../../arm-elf/lib/thumb/interwork\libg.a(impure.o)
____divdf3_change_to_arm                          c:/asctec_arm_sdk/winarm/bin/../lib/gcc/arm-elf/4.1.1/../../../../arm-elf/lib/thumb/interwork\libg.a(impure.o)
____divdf3_from_thumb                             c:/asctec_arm_sdk/winarm/bin/../lib/gcc/arm-elf/4.1.1/../../../../arm-elf/lib/thumb/interwork\libg.a(impure.o)
____divsi3_from_arm                               c:/asctec_arm_sdk/winarm/bin/../lib/gcc/arm-elf/4.1.1/../../../../arm-elf/lib/thumb/interwork\libg.a(impure.o)
____eqdf2_change_to_arm                           c:/asctec_arm_sdk/winarm/bin/../lib/gcc/arm-elf/4.1.1/../../../../arm-elf/lib/thumb/interwork\libg.a(impure.o)
____eqdf2_from_thumb                              c:/asctec_arm_sdk/winarm/bin/../lib/gcc/arm-elf/4.1.1/../../../../arm-elf/lib/thumb/interwork\libg.a(impure.o)
____fixdfsi_change_to_arm                         c:/asctec_arm_sdk/winarm/bin/../lib/gcc/arm-elf/4.1.1/../../../../arm-elf/lib/thumb/interwork\libg.a(impure.o)